Archive member included to satisfy reference by file (symbol)

/Applications/STMicroelectronics/STM32CubeIDE.app/Contents/Eclipse/plugins/com.st.stm32cube.ide.mcu.externaltools.gnu-tools-for-stm32.14.3.rel1.macosaarch64_1.0.0.202602081740/tools/bin/../lib/gcc/arm-none-eabi/14.3.1/../../../../arm-none-eabi/lib/thumb/v7e-m+fp/hard/libc_nano.a(libc_a-exit.o)
                              /Applications/STMicroelectronics/STM32CubeIDE.app/Contents/Eclipse/plugins/com.st.stm32cube.ide.mcu.externaltools.gnu-tools-for-stm32.14.3.rel1.macosaarch64_1.0.0.202602081740/tools/bin/../lib/gcc/arm-none-eabi/14.3.1/../../../../arm-none-eabi/lib/thumb/v7e-m+fp/hard/crt0.o (exit)
/Applications/STMicroelectronics/STM32CubeIDE.app/Contents/Eclipse/plugins/com.st.stm32cube.ide.mcu.externaltools.gnu-tools-for-stm32.14.3.rel1.macosaarch64_1.0.0.202602081740/tools/bin/../lib/gcc/arm-none-eabi/14.3.1/../../../../arm-none-eabi/lib/thumb/v7e-m+fp/hard/libc_nano.a(libc_a-malloc.o)
                              ./Core/ThreadSafe/newlib_lock_glue.o (malloc)
/Applications/STMicroelectronics/STM32CubeIDE.app/Contents/Eclipse/plugins/com.st.stm32cube.ide.mcu.externaltools.gnu-tools-for-stm32.14.3.rel1.macosaarch64_1.0.0.202602081740/tools/bin/../lib/gcc/arm-none-eabi/14.3.1/../../../../arm-none-eabi/lib/thumb/v7e-m+fp/hard/libc_nano.a(libc_a-mallocr.o)
                              /Applications/STMicroelectronics/STM32CubeIDE.app/Contents/Eclipse/plugins/com.st.stm32cube.ide.mcu.externaltools.gnu-tools-for-stm32.14.3.rel1.macosaarch64_1.0.0.202602081740/tools/bin/../lib/gcc/arm-none-eabi/14.3.1/../../../../arm-none-eabi/lib/thumb/v7e-m+fp/hard/libc_nano.a(libc_a-malloc.o) (_malloc_r)
/Applications/STMicroelectronics/STM32CubeIDE.app/Contents/Eclipse/plugins/com.st.stm32cube.ide.mcu.externaltools.gnu-tools-for-stm32.14.3.rel1.macosaarch64_1.0.0.202602081740/tools/bin/../lib/gcc/arm-none-eabi/14.3.1/../../../../arm-none-eabi/lib/thumb/v7e-m+fp/hard/libc_nano.a(libc_a-mlock.o)
                              /Applications/STMicroelectronics/STM32CubeIDE.app/Contents/Eclipse/plugins/com.st.stm32cube.ide.mcu.externaltools.gnu-tools-for-stm32.14.3.rel1.macosaarch64_1.0.0.202602081740/tools/bin/../lib/gcc/arm-none-eabi/14.3.1/../../../../arm-none-eabi/lib/thumb/v7e-m+fp/hard/libc_nano.a(libc_a-mallocr.o) (__malloc_lock)
/Applications/STMicroelectronics/STM32CubeIDE.app/Contents/Eclipse/plugins/com.st.stm32cube.ide.mcu.externaltools.gnu-tools-for-stm32.14.3.rel1.macosaarch64_1.0.0.202602081740/tools/bin/../lib/gcc/arm-none-eabi/14.3.1/../../../../arm-none-eabi/lib/thumb/v7e-m+fp/hard/libc_nano.a(libc_a-findfp.o)
                              ./Middlewares/Third_Party/FreeRTOS/Source/tasks.o (__sf)
/Applications/STMicroelectronics/STM32CubeIDE.app/Contents/Eclipse/plugins/com.st.stm32cube.ide.mcu.externaltools.gnu-tools-for-stm32.14.3.rel1.macosaarch64_1.0.0.202602081740/tools/bin/../lib/gcc/arm-none-eabi/14.3.1/../../../../arm-none-eabi/lib/thumb/v7e-m+fp/hard/libc_nano.a(libc_a-fwalk.o)
                              /Applications/STMicroelectronics/STM32CubeIDE.app/Contents/Eclipse/plugins/com.st.stm32cube.ide.mcu.externaltools.gnu-tools-for-stm32.14.3.rel1.macosaarch64_1.0.0.202602081740/tools/bin/../lib/gcc/arm-none-eabi/14.3.1/../../../../arm-none-eabi/lib/thumb/v7e-m+fp/hard/libc_nano.a(libc_a-findfp.o) (_fwalk_sglue)
/Applications/STMicroelectronics/STM32CubeIDE.app/Contents/Eclipse/plugins/com.st.stm32cube.ide.mcu.externaltools.gnu-tools-for-stm32.14.3.rel1.macosaarch64_1.0.0.202602081740/tools/bin/../lib/gcc/arm-none-eabi/14.3.1/../../../../arm-none-eabi/lib/thumb/v7e-m+fp/hard/libc_nano.a(libc_a-memset.o)
                              /Applications/STMicroelectronics/STM32CubeIDE.app/Contents/Eclipse/plugins/com.st.stm32cube.ide.mcu.externaltools.gnu-tools-for-stm32.14.3.rel1.macosaarch64_1.0.0.202602081740/tools/bin/../lib/gcc/arm-none-eabi/14.3.1/../../../../arm-none-eabi/lib/thumb/v7e-m+fp/hard/crt0.o (memset)
/Applications/STMicroelectronics/STM32CubeIDE.app/Contents/Eclipse/plugins/com.st.stm32cube.ide.mcu.externaltools.gnu-tools-for-stm32.14.3.rel1.macosaarch64_1.0.0.202602081740/tools/bin/../lib/gcc/arm-none-eabi/14.3.1/../../../../arm-none-eabi/lib/thumb/v7e-m+fp/hard/libc_nano.a(libc_a-sbrkr.o)
                              /Applications/STMicroelectronics/STM32CubeIDE.app/Contents/Eclipse/plugins/com.st.stm32cube.ide.mcu.externaltools.gnu-tools-for-stm32.14.3.rel1.macosaarch64_1.0.0.202602081740/tools/bin/../lib/gcc/arm-none-eabi/14.3.1/../../../../arm-none-eabi/lib/thumb/v7e-m+fp/hard/libc_nano.a(libc_a-mallocr.o) (_sbrk_r)
/Applications/STMicroelectronics/STM32CubeIDE.app/Contents/Eclipse/plugins/com.st.stm32cube.ide.mcu.externaltools.gnu-tools-for-stm32.14.3.rel1.macosaarch64_1.0.0.202602081740/tools/bin/../lib/gcc/arm-none-eabi/14.3.1/../../../../arm-none-eabi/lib/thumb/v7e-m+fp/hard/libc_nano.a(libc_a-errno.o)
                              ./Core/Src/syscalls.o (__errno)
[...]
Memory Configuration

Name             Origin             Length             Attributes
CCMRAM           0x10000000         0x00010000         xrw
RAM              0x20000000         0x00020000         xrw
FLASH            0x08000000         0x00100000         xr
*default*        0x00000000         0xffffffff

Linker script and memory map

LOAD /Applications/STMicroelectronics/STM32CubeIDE.app/Contents/Eclipse/plugins/com.st.stm32cube.ide.mcu.externaltools.gnu-tools-for-stm32.14.3.rel1.macosaarch64_1.0.0.202602081740/tools/bin/../lib/gcc/arm-none-eabi/14.3.1/thumb/v7e-m+fp/hard/crti.o
LOAD /Applications/STMicroelectronics/STM32CubeIDE.app/Contents/Eclipse/plugins/com.st.stm32cube.ide.mcu.externaltools.gnu-tools-for-stm32.14.3.rel1.macosaarch64_1.0.0.202602081740/tools/bin/../lib/gcc/arm-none-eabi/14.3.1/thumb/v7e-m+fp/hard/crtbegin.o
LOAD /Applications/STMicroelectronics/STM32CubeIDE.app/Contents/Eclipse/plugins/com.st.stm32cube.ide.mcu.externaltools.gnu-tools-for-stm32.14.3.rel1.macosaarch64_1.0.0.202602081740/tools/bin/../lib/gcc/arm-none-eabi/14.3.1/../../../../arm-none-eabi/lib/thumb/v7e-m+fp/hard/crt0.o
LOAD ./Core/Src/canlog.o
LOAD ./Core/Src/freertos.o
LOAD ./Core/Src/main.o
LOAD ./Core/Src/stm32f4xx_hal_msp.o
LOAD ./Core/Src/stm32f4xx_hal_timebase_tim.o
LOAD ./Core/Src/stm32f4xx_it.o
LOAD ./Core/Src/syscalls.o
LOAD ./Core/Src/sysmem.o
LOAD ./Core/Src/system_stm32f4xx.o
LOAD ./Core/Startup/startup_stm32f405rgtx.o
LOAD ./Core/ThreadSafe/newlib_lock_glue.o
LOAD ./Drivers/STM32F4xx_HAL_Driver/Src/stm32f4xx_hal.o
LOAD ./Drivers/STM32F4xx_HAL_Driver/Src/stm32f4xx_hal_can.o
LOAD ./Drivers/STM32F4xx_HAL_Driver/Src/stm32f4xx_hal_cortex.o
LOAD ./Drivers/STM32F4xx_HAL_Driver/Src/stm32f4xx_hal_dma.o
LOAD ./Drivers/STM32F4xx_HAL_Driver/Src/stm32f4xx_hal_dma_ex.o
LOAD ./Drivers/STM32F4xx_HAL_Driver/Src/stm32f4xx_hal_exti.o
LOAD ./Drivers/STM32F4xx_HAL_Driver/Src/stm32f4xx_hal_flash.o
LOAD ./Drivers/STM32F4xx_HAL_Driver/Src/stm32f4xx_hal_flash_ex.o
LOAD ./Drivers/STM32F4xx_HAL_Driver/Src/stm32f4xx_hal_flash_ramfunc.o
LOAD ./Drivers/STM32F4xx_HAL_Driver/Src/stm32f4xx_hal_gpio.o
LOAD ./Drivers/STM32F4xx_HAL_Driver/Src/stm32f4xx_hal_mmc.o
LOAD ./Drivers/STM32F4xx_HAL_Driver/Src/stm32f4xx_hal_pwr.o
LOAD ./Drivers/STM32F4xx_HAL_Driver/Src/stm32f4xx_hal_pwr_ex.o
LOAD ./Drivers/STM32F4xx_HAL_Driver/Src/stm32f4xx_hal_rcc.o
LOAD ./Drivers/STM32F4xx_HAL_Driver/Src/stm32f4xx_hal_rcc_ex.o
LOAD ./Drivers/STM32F4xx_HAL_Driver/Src/stm32f4xx_hal_sd.o
LOAD ./Drivers/STM32F4xx_HAL_Driver/Src/stm32f4xx_hal_tim.o
LOAD ./Drivers/STM32F4xx_HAL_Driver/Src/stm32f4xx_hal_tim_ex.o
LOAD ./Drivers/STM32F4xx_HAL_Driver/Src/stm32f4xx_ll_sdmmc.o
LOAD ./Middlewares/Third_Party/FreeRTOS/Source/CMSIS_RTOS_V2/cmsis_os2.o
LOAD ./Middlewares/Third_Party/FreeRTOS/Source/croutine.o
LOAD ./Middlewares/Third_Party/FreeRTOS/Source/event_groups.o
LOAD ./Middlewares/Third_Party/FreeRTOS/Source/list.o
LOAD ./Middlewares/Third_Party/FreeRTOS/Source/queue.o
LOAD ./Middlewares/Third_Party/FreeRTOS/Source/stream_buffer.o
LOAD ./Middlewares/Third_Party/FreeRTOS/Source/tasks.o
LOAD ./Middlewares/Third_Party/FreeRTOS/Source/timers.o
LOAD ./Middlewares/Third_Party/FreeRTOS/Source/portable/GCC/ARM_CM4F/port.o
LOAD ./Middlewares/Third_Party/FreeRTOS/Source/portable/MemMang/heap_4.o
START GROUP
LOAD /Applications/STMicroelectronics/STM32CubeIDE.app/Contents/Eclipse/plugins/com.st.stm32cube.ide.mcu.externaltools.gnu-tools-for-stm32.14.3.rel1.macosaarch64_1.0.0.202602081740/tools/bin/../lib/gcc/arm-none-eabi/14.3.1/../../../../arm-none-eabi/lib/thumb/v7e-m+fp/hard/libc_nano.a
LOAD /Applications/STMicroelectronics/STM32CubeIDE.app/Contents/Eclipse/plugins/com.st.stm32cube.ide.mcu.externaltools.gnu-tools-for-stm32.14.3.rel1.macosaarch64_1.0.0.202602081740/tools/bin/../lib/gcc/arm-none-eabi/14.3.1/../../../../arm-none-eabi/lib/thumb/v7e-m+fp/hard/libm.a
END GROUP
START GROUP
LOAD /Applications/STMicroelectronics/STM32CubeIDE.app/Contents/Eclipse/plugins/com.st.stm32cube.ide.mcu.externaltools.gnu-tools-for-stm32.14.3.rel1.macosaarch64_1.0.0.202602081740/tools/bin/../lib/gcc/arm-none-eabi/14.3.1/thumb/v7e-m+fp/hard/libgcc.a
LOAD /Applications/STMicroelectronics/STM32CubeIDE.app/Contents/Eclipse/plugins/com.st.stm32cube.ide.mcu.externaltools.gnu-tools-for-stm32.14.3.rel1.macosaarch64_1.0.0.202602081740/tools/bin/../lib/gcc/arm-none-eabi/14.3.1/../../../../arm-none-eabi/lib/thumb/v7e-m+fp/hard/libc_nano.a
END GROUP
START GROUP
LOAD /Applications/STMicroelectronics/STM32CubeIDE.app/Contents/Eclipse/plugins/com.st.stm32cube.ide.mcu.externaltools.gnu-tools-for-stm32.14.3.rel1.macosaarch64_1.0.0.202602081740/tools/bin/../lib/gcc/arm-none-eabi/14.3.1/thumb/v7e-m+fp/hard/libgcc.a
LOAD /Applications/STMicroelectronics/STM32CubeIDE.app/Contents/Eclipse/plugins/com.st.stm32cube.ide.mcu.externaltools.gnu-tools-for-stm32.14.3.rel1.macosaarch64_1.0.0.202602081740/tools/bin/../lib/gcc/arm-none-eabi/14.3.1/../../../../arm-none-eabi/lib/thumb/v7e-m+fp/hard/libc_nano.a
LOAD /Applications/STMicroelectronics/STM32CubeIDE.app/Contents/Eclipse/plugins/com.st.stm32cube.ide.mcu.externaltools.gnu-tools-for-stm32.14.3.rel1.macosaarch64_1.0.0.202602081740/tools/bin/../lib/gcc/arm-none-eabi/14.3.1/../../../../arm-none-eabi/lib/thumb/v7e-m+fp/hard/libnosys.a
END GROUP
START GROUP
LOAD /Applications/STMicroelectronics/STM32CubeIDE.app/Contents/Eclipse/plugins/com.st.stm32cube.ide.mcu.externaltools.gnu-tools-for-stm32.14.3.rel1.macosaarch64_1.0.0.202602081740/tools/bin/../lib/gcc/arm-none-eabi/14.3.1/thumb/v7e-m+fp/hard/libgcc.a
LOAD /Applications/STMicroelectronics/STM32CubeIDE.app/Contents/Eclipse/plugins/com.st.stm32cube.ide.mcu.externaltools.gnu-tools-for-stm32.14.3.rel1.macosaarch64_1.0.0.202602081740/tools/bin/../lib/gcc/arm-none-eabi/14.3.1/../../../../arm-none-eabi/lib/thumb/v7e-m+fp/hard/libc_nano.a
LOAD /Applications/STMicroelectronics/STM32CubeIDE.app/Contents/Eclipse/plugins/com.st.stm32cube.ide.mcu.externaltools.gnu-tools-for-stm32.14.3.rel1.macosaarch64_1.0.0.202602081740/tools/bin/../lib/gcc/arm-none-eabi/14.3.1/../../../../arm-none-eabi/lib/thumb/v7e-m+fp/hard/libnosys.a
END GROUP
LOAD /Applications/STMicroelectronics/STM32CubeIDE.app/Contents/Eclipse/plugins/com.st.stm32cube.ide.mcu.externaltools.gnu-tools-for-stm32.14.3.rel1.macosaarch64_1.0.0.202602081740/tools/bin/../lib/gcc/arm-none-eabi/14.3.1/thumb/v7e-m+fp/hard/crtend.o
LOAD /Applications/STMicroelectronics/STM32CubeIDE.app/Contents/Eclipse/plugins/com.st.stm32cube.ide.mcu.externaltools.gnu-tools-for-stm32.14.3.rel1.macosaarch64_1.0.0.202602081740/tools/bin/../lib/gcc/arm-none-eabi/14.3.1/thumb/v7e-m+fp/hard/crtn.o
                0x20020000                        _estack = (ORIGIN (RAM) + LENGTH (RAM))
                0x00000200                        _Min_Heap_Size = 0x200
                0x00000400                        _Min_Stack_Size = 0x400

.isr_vector     0x08000000      0x188
                0x08000000                        . = ALIGN (0x4)
 *(.isr_vector)
 .isr_vector    0x08000000      0x188 ./Core/Startup/startup_stm32f405rgtx.o
                0x08000000                g_pfnVectors
                0x08000188                        . = ALIGN (0x4)

.text           0x08000190     0x9f1c
                0x08000190                        . = ALIGN (0x4)
 *(.text)
 .text          0x08000190       0x40 /Applications/STMicroelectronics/STM32CubeIDE.app/Contents/Eclipse/plugins/com.st.stm32cube.ide.mcu.externaltools.gnu-tools-for-stm32.14.3.rel1.macosaarch64_1.0.0.202602081740/tools/bin/../lib/gcc/arm-none-eabi/14.3.1/thumb/v7e-m+fp/hard/crtbegin.o
 .text          0x080001d0       0x30 /Applications/STMicroelectronics/STM32CubeIDE.app/Contents/Eclipse/plugins/com.st.stm32cube.ide.mcu.externaltools.gnu-tools-for-stm32.14.3.rel1.macosaarch64_1.0.0.202602081740/tools/bin/../lib/gcc/arm-none-eabi/14.3.1/thumb/v7e-m+fp/hard/libgcc.a(_aeabi_uldivmod.o)
                0x080001d0                __aeabi_uldivmod
 .text          0x08000200      0x2f8 /Applications/STMicroelectronics/STM32CubeIDE.app/Contents/Eclipse/plugins/com.st.stm32cube.ide.mcu.externaltools.gnu-tools-for-stm32.14.3.rel1.macosaarch64_1.0.0.202602081740/tools/bin/../lib/gcc/arm-none-eabi/14.3.1/thumb/v7e-m+fp/hard/libgcc.a(_udivmoddi4.o)
                0x08000200                __udivmoddi4
 .text          0x080004f8        0x4 /Applications/STMicroelectronics/STM32CubeIDE.app/Contents/Eclipse/plugins/com.st.stm32cube.ide.mcu.externaltools.gnu-tools-for-stm32.14.3.rel1.macosaarch64_1.0.0.202602081740/tools/bin/../lib/gcc/arm-none-eabi/14.3.1/thumb/v7e-m+fp/hard/libgcc.a(_dvmd_tls.o)
                0x080004f8                __aeabi_ldiv0
                0x080004f8                __aeabi_idiv0
 *(.text*)
 .text.CAN_Logger_Init
                0x080004fc       0xbc ./Core/Src/canlog.o
                0x080004fc                CAN_Logger_Init
 .text.HAL_CAN_RxFifo0MsgPendingCallback
                0x080005b8       0x88 ./Core/Src/canlog.o
                0x080005b8                HAL_CAN_RxFifo0MsgPendingCallback
 .text.vCANLoggerListen
                0x08000640       0x68 ./Core/Src/canlog.o
                0x08000640                vCANLoggerListen
 .text.vLEDHeartbeat
                0x080006a8       0x5c ./Core/Src/canlog.o
                0x080006a8                vLEDHeartbeat
 .text.main     0x08000704      0x1dc ./Core/Src/main.o
                0x08000704                main
 .text.SystemClock_Config
                0x080008e0       0xd4 ./Core/Src/main.o
                0x080008e0                SystemClock_Config
 .text.MX_CAN1_Init
                0x080009b4       0x70 ./Core/Src/main.o
 .text.MX_CAN2_Init
                0x08000a24       0x70 ./Core/Src/main.o
 .text.MX_SDIO_SD_Init
                0x08000a94       0x60 ./Core/Src/main.o
 .text.MX_DMA_Init
                0x08000af4       0x50 ./Core/Src/main.o
 .text.MX_GPIO_Init
                0x08000b44      0x14c ./Core/Src/main.o
 .text.HAL_TIM_PeriodElapsedCallback
                0x08000c90       0x24 ./Core/Src/main.o
                0x08000c90                HAL_TIM_PeriodElapsedCallback
 .text.Error_Handler
                0x08000cb4       0x80 ./Core/Src/main.o
                0x08000cb4                Error_Handler
 .text.assert_failed
                0x08000d34       0x16 ./Core/Src/main.o
                0x08000d34                assert_failed
 *fill*         0x08000d4a        0x2 
 .text.HAL_MspInit
                0x08000d4c       0x58 ./Core/Src/stm32f4xx_hal_msp.o
                0x08000d4c                HAL_MspInit
 .text.HAL_CAN_MspInit
                0x08000da4      0x140 ./Core/Src/stm32f4xx_hal_msp.o
                0x08000da4                HAL_CAN_MspInit
 .text.HAL_SD_MspInit
                0x08000ee4      0x1e0 ./Core/Src/stm32f4xx_hal_msp.o
                0x08000ee4                HAL_SD_MspInit
 .text.HAL_InitTick
                0x080010c4       0xf8 ./Core/Src/stm32f4xx_hal_timebase_tim.o
                0x080010c4                HAL_InitTick
 .text.NMI_Handler
                0x080011bc        0x8 ./Core/Src/stm32f4xx_it.o
                0x080011bc                NMI_Handler
 .text.HardFault_Handler
                0x080011c4        0x8 ./Core/Src/stm32f4xx_it.o
                0x080011c4                HardFault_Handler
 .text.MemManage_Handler
                0x080011cc        0x8 ./Core/Src/stm32f4xx_it.o
                0x080011cc                MemManage_Handler
 .text.BusFault_Handler
                0x080011d4        0x8 ./Core/Src/stm32f4xx_it.o
                0x080011d4                BusFault_Handler
 .text.UsageFault_Handler
                0x080011dc        0x8 ./Core/Src/stm32f4xx_it.o
                0x080011dc                UsageFault_Handler
 .text.DebugMon_Handler
                0x080011e4        0xe ./Core/Src/stm32f4xx_it.o
                0x080011e4                DebugMon_Handler
 *fill*         0x080011f2        0x2 
 .text.SDIO_IRQHandler
                0x080011f4       0x14 ./Core/Src/stm32f4xx_it.o
                0x080011f4                SDIO_IRQHandler
 .text.TIM6_DAC_IRQHandler
                0x08001208       0x14 ./Core/Src/stm32f4xx_it.o
                0x08001208                TIM6_DAC_IRQHandler
 .text.DMA2_Stream3_IRQHandler
                0x0800121c       0x14 ./Core/Src/stm32f4xx_it.o
                0x0800121c                DMA2_Stream3_IRQHandler
 .text.DMA2_Stream6_IRQHandler
                0x08001230       0x14 ./Core/Src/stm32f4xx_it.o
                0x08001230                DMA2_Stream6_IRQHandler
 .text.SystemInit
                0x08001244       0x24 ./Core/Src/system_stm32f4xx.o
                0x08001244                SystemInit
 .text.Reset_Handler
                0x08001268       0x50 ./Core/Startup/startup_stm32f405rgtx.o
                0x08001268                Reset_Handler
 .text.Default_Handler
                0x080012b8        0x2 ./Core/Startup/startup_stm32f405rgtx.o
                0x080012b8                DMA1_Stream3_IRQHandler
                0x080012b8                HASH_RNG_IRQHandler
                0x080012b8                EXTI2_IRQHandler
                0x080012b8                TIM8_CC_IRQHandler
                0x080012b8                TIM1_CC_IRQHandler
                0x080012b8                DMA2_Stream5_IRQHandler
                0x080012b8                DMA1_Stream5_IRQHandler
                0x080012b8                PVD_IRQHandler
                0x080012b8                TAMP_STAMP_IRQHandler
                0x080012b8                CAN2_RX1_IRQHandler
                0x080012b8                EXTI3_IRQHandler
                0x080012b8                TIM8_TRG_COM_TIM14_IRQHandler
                0x080012b8                TIM1_UP_TIM10_IRQHandler
                0x080012b8                TIM8_UP_TIM13_IRQHandler
                0x080012b8                I2C3_ER_IRQHandler
                0x080012b8                EXTI0_IRQHandler
                0x080012b8                I2C2_EV_IRQHandler
                0x080012b8                DMA1_Stream2_IRQHandler
                0x080012b8                CAN1_RX0_IRQHandler
                0x080012b8                FPU_IRQHandler
                0x080012b8                OTG_HS_WKUP_IRQHandler
                0x080012b8                CAN2_SCE_IRQHandler
                0x080012b8                DMA2_Stream2_IRQHandler
                0x080012b8                SPI1_IRQHandler
                0x080012b8                TIM1_BRK_TIM9_IRQHandler
                0x080012b8                CAN2_RX0_IRQHandler
                0x080012b8                USART6_IRQHandler
                0x080012b8                USART3_IRQHandler
                0x080012b8                CAN1_RX1_IRQHandler
                0x080012b8                UART5_IRQHandler
                0x080012b8                DMA2_Stream0_IRQHandler
                0x080012b8                TIM4_IRQHandler
                0x080012b8                I2C1_EV_IRQHandler
                0x080012b8                DMA1_Stream6_IRQHandler
                0x080012b8                DMA1_Stream1_IRQHandler
                0x080012b8                UART4_IRQHandler
                0x080012b8                TIM3_IRQHandler
                0x080012b8                RCC_IRQHandler
                0x080012b8                TIM8_BRK_TIM12_IRQHandler
                0x080012b8                Default_Handler
                0x080012b8                EXTI15_10_IRQHandler
                0x080012b8                ADC_IRQHandler
                0x080012b8                DMA1_Stream7_IRQHandler
                0x080012b8                TIM7_IRQHandler
                0x080012b8                CAN2_TX_IRQHandler
                0x080012b8                TIM5_IRQHandler
                0x080012b8                DMA2_Stream7_IRQHandler
                0x080012b8                I2C3_EV_IRQHandler
                0x080012b8                EXTI9_5_IRQHandler
                0x080012b8                RTC_WKUP_IRQHandler
                0x080012b8                SPI2_IRQHandler
                0x080012b8                OTG_HS_EP1_IN_IRQHandler
                0x080012b8                DMA1_Stream0_IRQHandler
                0x080012b8                CAN1_TX_IRQHandler
                0x080012b8                EXTI4_IRQHandler
                0x080012b8                FSMC_IRQHandler
                0x080012b8                OTG_HS_EP1_OUT_IRQHandler
                0x080012b8                WWDG_IRQHandler
                0x080012b8                TIM2_IRQHandler
                0x080012b8                OTG_FS_WKUP_IRQHandler
                0x080012b8                TIM1_TRG_COM_TIM11_IRQHandler
                0x080012b8                OTG_HS_IRQHandler
                0x080012b8                EXTI1_IRQHandler
                0x080012b8                USART2_IRQHandler
                0x080012b8                I2C2_ER_IRQHandler
                0x080012b8                DMA2_Stream1_IRQHandler
                0x080012b8                CAN1_SCE_IRQHandler
                0x080012b8                FLASH_IRQHandler
                0x080012b8                DMA2_Stream4_IRQHandler
                0x080012b8                USART1_IRQHandler
                0x080012b8                OTG_FS_IRQHandler
                0x080012b8                SPI3_IRQHandler
                0x080012b8                DMA1_Stream4_IRQHandler
                0x080012b8                I2C1_ER_IRQHandler
                0x080012b8                RTC_Alarm_IRQHandler
 .text.stm32_lock_acquire
                0x080012ba       0x64 ./Core/ThreadSafe/newlib_lock_glue.o
 .text.stm32_lock_release
                0x0800131e       0x58 ./Core/ThreadSafe/newlib_lock_glue.o
 .text.__retarget_lock_acquire_recursive
                0x08001376       0x2a ./Core/ThreadSafe/newlib_lock_glue.o
                0x08001376                __retarget_lock_acquire_recursive
 .text.__retarget_lock_release_recursive
                0x080013a0       0x2a ./Core/ThreadSafe/newlib_lock_glue.o
                0x080013a0                __retarget_lock_release_recursive
 *fill*         0x080013ca        0x2 
 .text.HAL_Init
                0x080013cc       0x44 ./Drivers/STM32F4xx_HAL_Driver/Src/stm32f4xx_hal.o
                0x080013cc                HAL_Init
 .text.HAL_IncTick
                0x08001410       0x28 ./Drivers/STM32F4xx_HAL_Driver/Src/stm32f4xx_hal.o
                0x08001410                HAL_IncTick
 .text.HAL_GetTick
                0x08001438       0x18 ./Drivers/STM32F4xx_HAL_Driver/Src/stm32f4xx_hal.o
                0x08001438                HAL_GetTick
 .text.HAL_Delay
                0x08001450       0x48 ./Drivers/STM32F4xx_HAL_Driver/Src/stm32f4xx_hal.o
                0x08001450                HAL_Delay
 .text.HAL_CAN_Init
                0x08001498      0x4d4 ./Drivers/STM32F4xx_HAL_Driver/Src/stm32f4xx_hal_can.o
                0x08001498                HAL_CAN_Init
 .text.HAL_CAN_ConfigFilter
                0x0800196c      0x298 ./Drivers/STM32F4xx_HAL_Driver/Src/stm32f4xx_hal_can.o
                0x0800196c                HAL_CAN_ConfigFilter
 .text.HAL_CAN_Start
                0x08001c04       0x88 ./Drivers/STM32F4xx_HAL_Driver/Src/stm32f4xx_hal_can.o
                0x08001c04                HAL_CAN_Start
 .text.HAL_CAN_GetRxMessage
                0x08001c8c      0x25c ./Drivers/STM32F4xx_HAL_Driver/Src/stm32f4xx_hal_can.o
                0x08001c8c                HAL_CAN_GetRxMessage
 .text.HAL_CAN_ActivateNotification
                0x08001ee8       0x64 ./Drivers/STM32F4xx_HAL_Driver/Src/stm32f4xx_hal_can.o
                0x08001ee8                HAL_CAN_ActivateNotification
 .text.HAL_CAN_TxMailbox0CompleteCallback
                0x08001f4c       0x14 ./Drivers/STM32F4xx_HAL_Driver/Src/stm32f4xx_hal_can.o
                0x08001f4c                HAL_CAN_TxMailbox0CompleteCallback
 .text.HAL_CAN_TxMailbox1CompleteCallback
                0x08001f60       0x14 ./Drivers/STM32F4xx_HAL_Driver/Src/stm32f4xx_hal_can.o
                0x08001f60                HAL_CAN_TxMailbox1CompleteCallback
 .text.HAL_CAN_TxMailbox2CompleteCallback
                0x08001f74       0x14 ./Drivers/STM32F4xx_HAL_Driver/Src/stm32f4xx_hal_can.o
                0x08001f74                HAL_CAN_TxMailbox2CompleteCallback
 .text.HAL_CAN_TxMailbox0AbortCallback
                0x08001f88       0x14 ./Drivers/STM32F4xx_HAL_Driver/Src/stm32f4xx_hal_can.o
                0x08001f88                HAL_CAN_TxMailbox0AbortCallback
 .text.HAL_CAN_TxMailbox1AbortCallback
                0x08001f9c       0x14 ./Drivers/STM32F4xx_HAL_Driver/Src/stm32f4xx_hal_can.o
                0x08001f9c                HAL_CAN_TxMailbox1AbortCallback
 .text.HAL_CAN_TxMailbox2AbortCallback
                0x08001fb0       0x14 ./Drivers/STM32F4xx_HAL_Driver/Src/stm32f4xx_hal_can.o
                0x08001fb0                HAL_CAN_TxMailbox2AbortCallback
 .text.HAL_CAN_RxFifo0FullCallback
                0x08001fc4       0x14 ./Drivers/STM32F4xx_HAL_Driver/Src/stm32f4xx_hal_can.o
                0x08001fc4                HAL_CAN_RxFifo0FullCallback
 .text.HAL_CAN_RxFifo1MsgPendingCallback
                0x08001fd8       0x14 ./Drivers/STM32F4xx_HAL_Driver/Src/stm32f4xx_hal_can.o
                0x08001fd8                HAL_CAN_RxFifo1MsgPendingCallback
 .text.HAL_CAN_RxFifo1FullCallback
                0x08001fec       0x14 ./Drivers/STM32F4xx_HAL_Driver/Src/stm32f4xx_hal_can.o
                0x08001fec                HAL_CAN_RxFifo1FullCallback
 .text.HAL_CAN_SleepCallback
                0x08002000       0x14 ./Drivers/STM32F4xx_HAL_Driver/Src/stm32f4xx_hal_can.o
                0x08002000                HAL_CAN_SleepCallback
 .text.HAL_CAN_WakeUpFromRxMsgCallback
                0x08002014       0x14 ./Drivers/STM32F4xx_HAL_Driver/Src/stm32f4xx_hal_can.o
                0x08002014                HAL_CAN_WakeUpFromRxMsgCallback
 .text.HAL_CAN_ErrorCallback
                0x08002028       0x14 ./Drivers/STM32F4xx_HAL_Driver/Src/stm32f4xx_hal_can.o
                0x08002028                HAL_CAN_ErrorCallback
 .text.HAL_CAN_GetState
                0x0800203c       0x50 ./Drivers/STM32F4xx_HAL_Driver/Src/stm32f4xx_hal_can.o
                0x0800203c                HAL_CAN_GetState
 .text.HAL_CAN_GetError
                0x0800208c       0x18 ./Drivers/STM32F4xx_HAL_Driver/Src/stm32f4xx_hal_can.o
                0x0800208c                HAL_CAN_GetError
 .text.__NVIC_SetPriorityGrouping
                0x080020a4       0x48 ./Drivers/STM32F4xx_HAL_Driver/Src/stm32f4xx_hal_cortex.o
 .text.__NVIC_GetPriorityGrouping
                0x080020ec       0x1c ./Drivers/STM32F4xx_HAL_Driver/Src/stm32f4xx_hal_cortex.o
 .text.__NVIC_EnableIRQ
                0x08002108       0x3c ./Drivers/STM32F4xx_HAL_Driver/Src/stm32f4xx_hal_cortex.o
 .text.__NVIC_SetPriority
                0x08002144       0x54 ./Drivers/STM32F4xx_HAL_Driver/Src/stm32f4xx_hal_cortex.o
 .text.NVIC_EncodePriority
                0x08002198       0x66 ./Drivers/STM32F4xx_HAL_Driver/Src/stm32f4xx_hal_cortex.o
 *fill*         0x080021fe        0x2 
 .text.HAL_NVIC_SetPriorityGrouping
                0x08002200       0x40 ./Drivers/STM32F4xx_HAL_Driver/Src/stm32f4xx_hal_cortex.o
                0x08002200                HAL_NVIC_SetPriorityGrouping
 .text.HAL_NVIC_SetPriority
                0x08002240       0x58 ./Drivers/STM32F4xx_HAL_Driver/Src/stm32f4xx_hal_cortex.o
                0x08002240                HAL_NVIC_SetPriority
 .text.HAL_NVIC_EnableIRQ
                0x08002298       0x30 ./Drivers/STM32F4xx_HAL_Driver/Src/stm32f4xx_hal_cortex.o
                0x08002298                HAL_NVIC_EnableIRQ
 .text.HAL_DMA_Init
                0x080022c8      0x434 ./Drivers/STM32F4xx_HAL_Driver/Src/stm32f4xx_hal_dma.o
                0x080022c8                HAL_DMA_Init
 .text.HAL_DMA_Abort_IT
                0x080026fc       0x44 ./Drivers/STM32F4xx_HAL_Driver/Src/stm32f4xx_hal_dma.o
                0x080026fc                HAL_DMA_Abort_IT
 .text.HAL_DMA_IRQHandler
                0x08002740      0x314 ./Drivers/STM32F4xx_HAL_Driver/Src/stm32f4xx_hal_dma.o
                0x08002740                HAL_DMA_IRQHandler
 .text.DMA_CalcBaseAndBitshift
                0x08002a54       0x6c ./Drivers/STM32F4xx_HAL_Driver/Src/stm32f4xx_hal_dma.o
 .text.DMA_CheckFifoParam
                0x08002ac0       0xf8 ./Drivers/STM32F4xx_HAL_Driver/Src/stm32f4xx_hal_dma.o
 .text.HAL_GPIO_Init
                0x08002bb8      0x5a8 ./Drivers/STM32F4xx_HAL_Driver/Src/stm32f4xx_hal_gpio.o
                0x08002bb8                HAL_GPIO_Init
 .text.HAL_GPIO_WritePin
                0x08003160       0x58 ./Drivers/STM32F4xx_HAL_Driver/Src/stm32f4xx_hal_gpio.o
                0x08003160                HAL_GPIO_WritePin
 .text.HAL_GPIO_TogglePin
                0x080031b8       0x44 ./Drivers/STM32F4xx_HAL_Driver/Src/stm32f4xx_hal_gpio.o
                0x080031b8                HAL_GPIO_TogglePin
 .text.HAL_RCC_OscConfig
                0x080031fc      0x658 ./Drivers/STM32F4xx_HAL_Driver/Src/stm32f4xx_hal_rcc.o
                0x080031fc                HAL_RCC_OscConfig
 .text.HAL_RCC_ClockConfig
                0x08003854      0x31c ./Drivers/STM32F4xx_HAL_Driver/Src/stm32f4xx_hal_rcc.o
                0x08003854                HAL_RCC_ClockConfig
 .text.HAL_RCC_GetSysClockFreq
                0x08003b70      0x188 ./Drivers/STM32F4xx_HAL_Driver/Src/stm32f4xx_hal_rcc.o
                0x08003b70                HAL_RCC_GetSysClockFreq
 .text.HAL_RCC_GetHCLKFreq
                0x08003cf8       0x18 ./Drivers/STM32F4xx_HAL_Driver/Src/stm32f4xx_hal_rcc.o
                0x08003cf8                HAL_RCC_GetHCLKFreq
 .text.HAL_RCC_GetPCLK1Freq
                0x08003d10       0x28 ./Drivers/STM32F4xx_HAL_Driver/Src/stm32f4xx_hal_rcc.o
                0x08003d10                HAL_RCC_GetPCLK1Freq
 .text.HAL_RCC_GetClockConfig
                0x08003d38       0x64 ./Drivers/STM32F4xx_HAL_Driver/Src/stm32f4xx_hal_rcc.o
                0x08003d38                HAL_RCC_GetClockConfig
 .text.HAL_SD_Init
                0x08003d9c      0x124 ./Drivers/STM32F4xx_HAL_Driver/Src/stm32f4xx_hal_sd.o
                0x08003d9c                HAL_SD_Init
 .text.HAL_SD_InitCard
                0x08003ec0       0xf0 ./Drivers/STM32F4xx_HAL_Driver/Src/stm32f4xx_hal_sd.o
                0x08003ec0                HAL_SD_InitCard
 .text.HAL_SD_IRQHandler
                0x08003fb0      0x30c ./Drivers/STM32F4xx_HAL_Driver/Src/stm32f4xx_hal_sd.o
                0x08003fb0                HAL_SD_IRQHandler
 .text.HAL_SD_TxCpltCallback
                0x080042bc       0x14 ./Drivers/STM32F4xx_HAL_Driver/Src/stm32f4xx_hal_sd.o
                0x080042bc                HAL_SD_TxCpltCallback
 .text.HAL_SD_RxCpltCallback
                0x080042d0       0x14 ./Drivers/STM32F4xx_HAL_Driver/Src/stm32f4xx_hal_sd.o
                0x080042d0                HAL_SD_RxCpltCallback
 .text.HAL_SD_ErrorCallback
                0x080042e4       0x14 ./Drivers/STM32F4xx_HAL_Driver/Src/stm32f4xx_hal_sd.o
                0x080042e4                HAL_SD_ErrorCallback
 .text.HAL_SD_AbortCallback
                0x080042f8       0x14 ./Drivers/STM32F4xx_HAL_Driver/Src/stm32f4xx_hal_sd.o
                0x080042f8                HAL_SD_AbortCallback
 .text.HAL_SD_GetCardCSD
                0x0800430c      0x348 ./Drivers/STM32F4xx_HAL_Driver/Src/stm32f4xx_hal_sd.o
                0x0800430c                HAL_SD_GetCardCSD
 .text.HAL_SD_ConfigWideBusOperation
                0x08004654      0x158 ./Drivers/STM32F4xx_HAL_Driver/Src/stm32f4xx_hal_sd.o
                0x08004654                HAL_SD_ConfigWideBusOperation
 .text.HAL_SD_GetCardState
                0x080047ac       0x40 ./Drivers/STM32F4xx_HAL_Driver/Src/stm32f4xx_hal_sd.o
                0x080047ac                HAL_SD_GetCardState
 .text.SD_DMATxAbort
                0x080047ec       0x6e ./Drivers/STM32F4xx_HAL_Driver/Src/stm32f4xx_hal_sd.o
 .text.SD_DMARxAbort
                0x0800485a       0x6e ./Drivers/STM32F4xx_HAL_Driver/Src/stm32f4xx_hal_sd.o
 .text.SD_InitCard
                0x080048c8      0x19c ./Drivers/STM32F4xx_HAL_Driver/Src/stm32f4xx_hal_sd.o
 .text.SD_PowerON
                0x08004a64      0x11c ./Drivers/STM32F4xx_HAL_Driver/Src/stm32f4xx_hal_sd.o
 .text.SD_SendStatus
                0x08004b80       0x50 ./Drivers/STM32F4xx_HAL_Driver/Src/stm32f4xx_hal_sd.o
 .text.SD_WideBus_Enable
                0x08004bd0       0x96 ./Drivers/STM32F4xx_HAL_Driver/Src/stm32f4xx_hal_sd.o
 .text.SD_WideBus_Disable
                0x08004c66       0x96 ./Drivers/STM32F4xx_HAL_Driver/Src/stm32f4xx_hal_sd.o
 .text.SD_FindSCR
                0x08004cfc      0x1b4 ./Drivers/STM32F4xx_HAL_Driver/Src/stm32f4xx_hal_sd.o
 .text.SD_Read_IT
                0x08004eb0       0xa2 ./Drivers/STM32F4xx_HAL_Driver/Src/stm32f4xx_hal_sd.o
 .text.SD_Write_IT
                0x08004f52       0xaa ./Drivers/STM32F4xx_HAL_Driver/Src/stm32f4xx_hal_sd.o
 .text.HAL_TIM_Base_Init
                0x08004ffc      0x238 ./Drivers/STM32F4xx_HAL_Driver/Src/stm32f4xx_hal_tim.o
                0x08004ffc                HAL_TIM_Base_Init
 .text.HAL_TIM_Base_MspInit
                0x08005234       0x14 ./Drivers/STM32F4xx_HAL_Driver/Src/stm32f4xx_hal_tim.o
                0x08005234                HAL_TIM_Base_MspInit
 .text.HAL_TIM_Base_Start_IT
                0x08005248      0x18c ./Drivers/STM32F4xx_HAL_Driver/Src/stm32f4xx_hal_tim.o
                0x08005248                HAL_TIM_Base_Start_IT
 .text.HAL_TIM_IRQHandler
                0x080053d4      0x1e0 ./Drivers/STM32F4xx_HAL_Driver/Src/stm32f4xx_hal_tim.o
                0x080053d4                HAL_TIM_IRQHandler
 .text.HAL_TIM_OC_DelayElapsedCallback
                0x080055b4       0x14 ./Drivers/STM32F4xx_HAL_Driver/Src/stm32f4xx_hal_tim.o
                0x080055b4                HAL_TIM_OC_DelayElapsedCallback
 .text.HAL_TIM_IC_CaptureCallback
                0x080055c8       0x14 ./Drivers/STM32F4xx_HAL_Driver/Src/stm32f4xx_hal_tim.o
                0x080055c8                HAL_TIM_IC_CaptureCallback
 .text.HAL_TIM_PWM_PulseFinishedCallback
                0x080055dc       0x14 ./Drivers/STM32F4xx_HAL_Driver/Src/stm32f4xx_hal_tim.o
                0x080055dc                HAL_TIM_PWM_PulseFinishedCallback
 .text.HAL_TIM_TriggerCallback
                0x080055f0       0x14 ./Drivers/STM32F4xx_HAL_Driver/Src/stm32f4xx_hal_tim.o
                0x080055f0                HAL_TIM_TriggerCallback
 .text.TIM_Base_SetConfig
                0x08005604      0x14c ./Drivers/STM32F4xx_HAL_Driver/Src/stm32f4xx_hal_tim.o
                0x08005604                TIM_Base_SetConfig
 .text.HAL_TIMEx_CommutCallback
                0x08005750       0x14 ./Drivers/STM32F4xx_HAL_Driver/Src/stm32f4xx_hal_tim_ex.o
                0x08005750                HAL_TIMEx_CommutCallback
 .text.HAL_TIMEx_BreakCallback
                0x08005764       0x14 ./Drivers/STM32F4xx_HAL_Driver/Src/stm32f4xx_hal_tim_ex.o
                0x08005764                HAL_TIMEx_BreakCallback
 .text.SDIO_Init
                0x08005778       0xf4 ./Drivers/STM32F4xx_HAL_Driver/Src/stm32f4xx_ll_sdmmc.o
                0x08005778                SDIO_Init
 .text.SDIO_ReadFIFO
                0x0800586c       0x1a ./Drivers/STM32F4xx_HAL_Driver/Src/stm32f4xx_ll_sdmmc.o
                0x0800586c                SDIO_ReadFIFO
 .text.SDIO_WriteFIFO
                0x08005886       0x22 ./Drivers/STM32F4xx_HAL_Driver/Src/stm32f4xx_ll_sdmmc.o
                0x08005886                SDIO_WriteFIFO
 .text.SDIO_PowerState_ON
                0x080058a8       0x1c ./Drivers/STM32F4xx_HAL_Driver/Src/stm32f4xx_ll_sdmmc.o
                0x080058a8                SDIO_PowerState_ON
 .text.SDIO_GetPowerState
                0x080058c4       0x1c ./Drivers/STM32F4xx_HAL_Driver/Src/stm32f4xx_ll_sdmmc.o
                0x080058c4                SDIO_GetPowerState
 .text.SDIO_SendCommand
                0x080058e0       0xcc ./Drivers/STM32F4xx_HAL_Driver/Src/stm32f4xx_ll_sdmmc.o
                0x080058e0                SDIO_SendCommand
 .text.SDIO_GetCommandResponse
                0x080059ac       0x1a ./Drivers/STM32F4xx_HAL_Driver/Src/stm32f4xx_ll_sdmmc.o
                0x080059ac                SDIO_GetCommandResponse
 *fill*         0x080059c6        0x2 
 .text.SDIO_GetResponse
                0x080059c8       0x48 ./Drivers/STM32F4xx_HAL_Driver/Src/stm32f4xx_ll_sdmmc.o
                0x080059c8                SDIO_GetResponse
 .text.SDIO_ConfigData
                0x08005a10      0x13c ./Drivers/STM32F4xx_HAL_Driver/Src/stm32f4xx_ll_sdmmc.o
                0x08005a10                SDIO_ConfigData
 .text.SDMMC_CmdBlockLength
                0x08005b4c       0x44 ./Drivers/STM32F4xx_HAL_Driver/Src/stm32f4xx_ll_sdmmc.o
                0x08005b4c                SDMMC_CmdBlockLength
 .text.SDMMC_CmdStopTransfer
                0x08005b90       0x44 ./Drivers/STM32F4xx_HAL_Driver/Src/stm32f4xx_ll_sdmmc.o
                0x08005b90                SDMMC_CmdStopTransfer
 .text.SDMMC_CmdSelDesel
                0x08005bd4       0x46 ./Drivers/STM32F4xx_HAL_Driver/Src/stm32f4xx_ll_sdmmc.o
                0x08005bd4                SDMMC_CmdSelDesel
 .text.SDMMC_CmdGoIdleState
                0x08005c1a       0x3c ./Drivers/STM32F4xx_HAL_Driver/Src/stm32f4xx_ll_sdmmc.o
                0x08005c1a                SDMMC_CmdGoIdleState
 .text.SDMMC_CmdOperCond
                0x08005c56       0x3e ./Drivers/STM32F4xx_HAL_Driver/Src/stm32f4xx_ll_sdmmc.o
                0x08005c56                SDMMC_CmdOperCond
 .text.SDMMC_CmdAppCommand
                0x08005c94       0x44 ./Drivers/STM32F4xx_HAL_Driver/Src/stm32f4xx_ll_sdmmc.o
                0x08005c94                SDMMC_CmdAppCommand
 .text.SDMMC_CmdAppOperCommand
                0x08005cd8       0x46 ./Drivers/STM32F4xx_HAL_Driver/Src/stm32f4xx_ll_sdmmc.o
                0x08005cd8                SDMMC_CmdAppOperCommand
 .text.SDMMC_CmdBusWidth
                0x08005d1e       0x44 ./Drivers/STM32F4xx_HAL_Driver/Src/stm32f4xx_ll_sdmmc.o
                0x08005d1e                SDMMC_CmdBusWidth
 .text.SDMMC_CmdSendSCR
                0x08005d62       0x42 ./Drivers/STM32F4xx_HAL_Driver/Src/stm32f4xx_ll_sdmmc.o
                0x08005d62                SDMMC_CmdSendSCR
 .text.SDMMC_CmdSendCID
                0x08005da4       0x3c ./Drivers/STM32F4xx_HAL_Driver/Src/stm32f4xx_ll_sdmmc.o
                0x08005da4                SDMMC_CmdSendCID
 .text.SDMMC_CmdSendCSD
                0x08005de0       0x3e ./Drivers/STM32F4xx_HAL_Driver/Src/stm32f4xx_ll_sdmmc.o
                0x08005de0                SDMMC_CmdSendCSD
 .text.SDMMC_CmdSetRelAdd
                0x08005e1e       0x42 ./Drivers/STM32F4xx_HAL_Driver/Src/stm32f4xx_ll_sdmmc.o
                0x08005e1e                SDMMC_CmdSetRelAdd
 .text.SDMMC_CmdSendStatus
                0x08005e60       0x44 ./Drivers/STM32F4xx_HAL_Driver/Src/stm32f4xx_ll_sdmmc.o
                0x08005e60                SDMMC_CmdSendStatus
 .text.SDMMC_GetCmdResp1
                0x08005ea4      0x1dc ./Drivers/STM32F4xx_HAL_Driver/Src/stm32f4xx_ll_sdmmc.o
                0x08005ea4                SDMMC_GetCmdResp1
 .text.SDMMC_GetCmdResp2
                0x08006080       0x90 ./Drivers/STM32F4xx_HAL_Driver/Src/stm32f4xx_ll_sdmmc.o
                0x08006080                SDMMC_GetCmdResp2
 .text.SDMMC_GetCmdResp3
                0x08006110       0x7c ./Drivers/STM32F4xx_HAL_Driver/Src/stm32f4xx_ll_sdmmc.o
                0x08006110                SDMMC_GetCmdResp3
 .text.SDMMC_GetCmdResp6
                0x0800618c       0xec ./Drivers/STM32F4xx_HAL_Driver/Src/stm32f4xx_ll_sdmmc.o
                0x0800618c                SDMMC_GetCmdResp6
 .text.SDMMC_GetCmdResp7
                0x08006278       0x9c ./Drivers/STM32F4xx_HAL_Driver/Src/stm32f4xx_ll_sdmmc.o
                0x08006278                SDMMC_GetCmdResp7
 .text.SDMMC_GetCmdError
                0x08006314       0x58 ./Drivers/STM32F4xx_HAL_Driver/Src/stm32f4xx_ll_sdmmc.o
 .text.__NVIC_SetPriority
                0x0800636c       0x54 ./Middlewares/Third_Party/FreeRTOS/Source/CMSIS_RTOS_V2/cmsis_os2.o
 .text.SysTick_Handler
                0x080063c0       0x20 ./Middlewares/Third_Party/FreeRTOS/Source/CMSIS_RTOS_V2/cmsis_os2.o
                0x080063c0                SysTick_Handler
 .text.SVC_Setup
                0x080063e0       0x12 ./Middlewares/Third_Party/FreeRTOS/Source/CMSIS_RTOS_V2/cmsis_os2.o
 *fill*         0x080063f2        0x2 
 .text.osKernelInitialize
                0x080063f4       0x48 ./Middlewares/Third_Party/FreeRTOS/Source/CMSIS_RTOS_V2/cmsis_os2.o
                0x080063f4                osKernelInitialize
 .text.osKernelStart
                0x0800643c       0x4c ./Middlewares/Third_Party/FreeRTOS/Source/CMSIS_RTOS_V2/cmsis_os2.o
                0x0800643c                osKernelStart
 .text.osThreadNew
                0x08006488      0x124 ./Middlewares/Third_Party/FreeRTOS/Source/CMSIS_RTOS_V2/cmsis_os2.o
                0x08006488                osThreadNew
 .text.TimerCallback
                0x080065ac       0x2a ./Middlewares/Third_Party/FreeRTOS/Source/CMSIS_RTOS_V2/cmsis_os2.o
 *fill*         0x080065d6        0x2 
 .text.osTimerNew
                0x080065d8       0xf8 ./Middlewares/Third_Party/FreeRTOS/Source/CMSIS_RTOS_V2/cmsis_os2.o
                0x080065d8                osTimerNew
 .text.osTimerStart
                0x080066d0       0x5c ./Middlewares/Third_Party/FreeRTOS/Source/CMSIS_RTOS_V2/cmsis_os2.o
                0x080066d0                osTimerStart
 .text.osSemaphoreNew
                0x0800672c      0x112 ./Middlewares/Third_Party/FreeRTOS/Source/CMSIS_RTOS_V2/cmsis_os2.o
                0x0800672c                osSemaphoreNew
 *fill*         0x0800683e        0x2 
 .text.osSemaphoreAcquire
                0x08006840       0xa4 ./Middlewares/Third_Party/FreeRTOS/Source/CMSIS_RTOS_V2/cmsis_os2.o
                0x08006840                osSemaphoreAcquire
 .text.osSemaphoreRelease
                0x080068e4       0x88 ./Middlewares/Third_Party/FreeRTOS/Source/CMSIS_RTOS_V2/cmsis_os2.o
                0x080068e4                osSemaphoreRelease
 .text.osMessageQueueNew
                0x0800696c       0xe6 ./Middlewares/Third_Party/FreeRTOS/Source/CMSIS_RTOS_V2/cmsis_os2.o
                0x0800696c                osMessageQueueNew
 *fill*         0x08006a52        0x2 
 .text.osMessageQueuePut
                0x08006a54       0xc0 ./Middlewares/Third_Party/FreeRTOS/Source/CMSIS_RTOS_V2/cmsis_os2.o
                0x08006a54                osMessageQueuePut
 .text.osMessageQueueGet
                0x08006b14       0xbc ./Middlewares/Third_Party/FreeRTOS/Source/CMSIS_RTOS_V2/cmsis_os2.o
                0x08006b14                osMessageQueueGet
 .text.vApplicationGetIdleTaskMemory
                0x08006bd0       0x34 ./Middlewares/Third_Party/FreeRTOS/Source/CMSIS_RTOS_V2/cmsis_os2.o
                0x08006bd0                vApplicationGetIdleTaskMemory
 .text.vApplicationGetTimerTaskMemory
                0x08006c04       0x34 ./Middlewares/Third_Party/FreeRTOS/Source/CMSIS_RTOS_V2/cmsis_os2.o
                0x08006c04                vApplicationGetTimerTaskMemory
 .text.vListInitialise
                0x08006c38       0x40 ./Middlewares/Third_Party/FreeRTOS/Source/list.o
                0x08006c38                vListInitialise
 .text.vListInitialiseItem
                0x08006c78       0x1a ./Middlewares/Third_Party/FreeRTOS/Source/list.o
                0x08006c78                vListInitialiseItem
 .text.vListInsertEnd
                0x08006c92       0x48 ./Middlewares/Third_Party/FreeRTOS/Source/list.o
                0x08006c92                vListInsertEnd
 .text.vListInsert
                0x08006cda       0x72 ./Middlewares/Third_Party/FreeRTOS/Source/list.o
                0x08006cda                vListInsert
 .text.uxListRemove
                0x08006d4c       0x54 ./Middlewares/Third_Party/FreeRTOS/Source/list.o
                0x08006d4c                uxListRemove
 .text.xQueueGenericReset
                0x08006da0       0xd4 ./Middlewares/Third_Party/FreeRTOS/Source/queue.o
                0x08006da0                xQueueGenericReset
 .text.xQueueGenericCreateStatic
                0x08006e74       0xfa ./Middlewares/Third_Party/FreeRTOS/Source/queue.o
                0x08006e74                xQueueGenericCreateStatic
 .text.xQueueGenericCreate
                0x08006f6e       0x76 ./Middlewares/Third_Party/FreeRTOS/Source/queue.o
                0x08006f6e                xQueueGenericCreate
 .text.prvInitialiseNewQueue
                0x08006fe4       0x46 ./Middlewares/Third_Party/FreeRTOS/Source/queue.o
 .text.xQueueCreateCountingSemaphoreStatic
                0x0800702a       0x72 ./Middlewares/Third_Party/FreeRTOS/Source/queue.o
                0x0800702a                xQueueCreateCountingSemaphoreStatic
 .text.xQueueCreateCountingSemaphore
                0x0800709c       0x6a ./Middlewares/Third_Party/FreeRTOS/Source/queue.o
                0x0800709c                xQueueCreateCountingSemaphore
 *fill*         0x08007106        0x2 
 .text.xQueueGenericSend
                0x08007108      0x204 ./Middlewares/Third_Party/FreeRTOS/Source/queue.o
                0x08007108                xQueueGenericSend
 .text.xQueueGenericSendFromISR
                0x0800730c      0x13c ./Middlewares/Third_Party/FreeRTOS/Source/queue.o
                0x0800730c                xQueueGenericSendFromISR
 .text.xQueueGiveFromISR
                0x08007448      0x120 ./Middlewares/Third_Party/FreeRTOS/Source/queue.o
                0x08007448                xQueueGiveFromISR
 .text.xQueueReceive
                0x08007568      0x1c4 ./Middlewares/Third_Party/FreeRTOS/Source/queue.o
                0x08007568                xQueueReceive
 .text.xQueueSemaphoreTake
                0x0800772c      0x220 ./Middlewares/Third_Party/FreeRTOS/Source/queue.o
                0x0800772c                xQueueSemaphoreTake
 .text.xQueueReceiveFromISR
                0x0800794c      0x104 ./Middlewares/Third_Party/FreeRTOS/Source/queue.o
                0x0800794c                xQueueReceiveFromISR
 .text.vQueueDelete
                0x08007a50       0x48 ./Middlewares/Third_Party/FreeRTOS/Source/queue.o
                0x08007a50                vQueueDelete
 .text.prvGetDisinheritPriorityAfterTimeout
                0x08007a98       0x30 ./Middlewares/Third_Party/FreeRTOS/Source/queue.o
 .text.prvCopyDataToQueue
                0x08007ac8       0xd4 ./Middlewares/Third_Party/FreeRTOS/Source/queue.o
 .text.prvCopyDataFromQueue
                0x08007b9c       0x4c ./Middlewares/Third_Party/FreeRTOS/Source/queue.o
 .text.prvUnlockQueue
                0x08007be8       0xa4 ./Middlewares/Third_Party/FreeRTOS/Source/queue.o
 .text.prvIsQueueEmpty
                0x08007c8c       0x2c ./Middlewares/Third_Party/FreeRTOS/Source/queue.o
 .text.prvIsQueueFull
                0x08007cb8       0x30 ./Middlewares/Third_Party/FreeRTOS/Source/queue.o
 .text.vQueueAddToRegistry
                0x08007ce8       0x54 ./Middlewares/Third_Party/FreeRTOS/Source/queue.o
                0x08007ce8                vQueueAddToRegistry
 .text.vQueueUnregisterQueue
                0x08007d3c       0x54 ./Middlewares/Third_Party/FreeRTOS/Source/queue.o
                0x08007d3c                vQueueUnregisterQueue
 .text.vQueueWaitForMessageRestricted
                0x08007d90       0x68 ./Middlewares/Third_Party/FreeRTOS/Source/queue.o
                0x08007d90                vQueueWaitForMessageRestricted
 .text.xTaskCreateStatic
                0x08007df8       0xc0 ./Middlewares/Third_Party/FreeRTOS/Source/tasks.o
                0x08007df8                xTaskCreateStatic
 .text.xTaskCreate
                0x08007eb8       0x8a ./Middlewares/Third_Party/FreeRTOS/Source/tasks.o
                0x08007eb8                xTaskCreate
 *fill*         0x08007f42        0x2 
 .text.prvInitialiseNewTask
                0x08007f44      0x150 ./Middlewares/Third_Party/FreeRTOS/Source/tasks.o
 .text.prvAddNewTaskToReadyList
                0x08008094       0xe0 ./Middlewares/Third_Party/FreeRTOS/Source/tasks.o
 .text.vTaskStartScheduler
                0x08008174       0xe0 ./Middlewares/Third_Party/FreeRTOS/Source/tasks.o
                0x08008174                vTaskStartScheduler
 .text.vTaskSuspendAll
                0x08008254       0x1c ./Middlewares/Third_Party/FreeRTOS/Source/tasks.o
                0x08008254                vTaskSuspendAll
 .text.xTaskResumeAll
                0x08008270      0x13c ./Middlewares/Third_Party/FreeRTOS/Source/tasks.o
                0x08008270                xTaskResumeAll
 .text.xTaskGetTickCount
                0x080083ac       0x20 ./Middlewares/Third_Party/FreeRTOS/Source/tasks.o
                0x080083ac                xTaskGetTickCount
 .text.xTaskIncrementTick
                0x080083cc      0x174 ./Middlewares/Third_Party/FreeRTOS/Source/tasks.o
                0x080083cc                xTaskIncrementTick
 .text.vTaskSwitchContext
                0x08008540       0xcc ./Middlewares/Third_Party/FreeRTOS/Source/tasks.o
                0x08008540                vTaskSwitchContext
 .text.vTaskPlaceOnEventList
                0x0800860c       0x4c ./Middlewares/Third_Party/FreeRTOS/Source/tasks.o
                0x0800860c                vTaskPlaceOnEventList
 .text.vTaskPlaceOnEventListRestricted
                0x08008658       0x58 ./Middlewares/Third_Party/FreeRTOS/Source/tasks.o
                0x08008658                vTaskPlaceOnEventListRestricted
 .text.xTaskRemoveFromEventList
                0x080086b0       0xc8 ./Middlewares/Third_Party/FreeRTOS/Source/tasks.o
                0x080086b0                xTaskRemoveFromEventList
 .text.vTaskInternalSetTimeOutState
                0x08008778       0x2c ./Middlewares/Third_Party/FreeRTOS/Source/tasks.o
                0x08008778                vTaskInternalSetTimeOutState
 .text.xTaskCheckForTimeOut
                0x080087a4       0xc8 ./Middlewares/Third_Party/FreeRTOS/Source/tasks.o
                0x080087a4                xTaskCheckForTimeOut
 .text.vTaskMissedYield
                0x0800886c       0x18 ./Middlewares/Third_Party/FreeRTOS/Source/tasks.o
                0x0800886c                vTaskMissedYield
 .text.prvIdleTask
                0x08008884       0x30 ./Middlewares/Third_Party/FreeRTOS/Source/tasks.o
 .text.prvInitialiseTaskLists
                0x080088b4       0x80 ./Middlewares/Third_Party/FreeRTOS/Source/tasks.o
 .text.prvCheckTasksWaitingTermination
                0x08008934       0x5c ./Middlewares/Third_Party/FreeRTOS/Source/tasks.o
 .text.prvDeleteTCB
                0x08008990       0x6a ./Middlewares/Third_Party/FreeRTOS/Source/tasks.o
 *fill*         0x080089fa        0x2 
 .text.prvResetNextTaskUnblockTime
                0x080089fc       0x40 ./Middlewares/Third_Party/FreeRTOS/Source/tasks.o
 .text.xTaskGetSchedulerState
                0x08008a3c       0x3c ./Middlewares/Third_Party/FreeRTOS/Source/tasks.o
                0x08008a3c                xTaskGetSchedulerState
 .text.xTaskPriorityInherit
                0x08008a78       0xd0 ./Middlewares/Third_Party/FreeRTOS/Source/tasks.o
                0x08008a78                xTaskPriorityInherit
 .text.xTaskPriorityDisinherit
                0x08008b48       0xe0 ./Middlewares/Third_Party/FreeRTOS/Source/tasks.o
                0x08008b48                xTaskPriorityDisinherit
 .text.vTaskPriorityDisinheritAfterTimeout
                0x08008c28      0x108 ./Middlewares/Third_Party/FreeRTOS/Source/tasks.o
                0x08008c28                vTaskPriorityDisinheritAfterTimeout
 .text.pvTaskIncrementMutexHeldCount
                0x08008d30       0x28 ./Middlewares/Third_Party/FreeRTOS/Source/tasks.o
                0x08008d30                pvTaskIncrementMutexHeldCount
 .text.prvAddCurrentTaskToDelayedList
                0x08008d58       0xa8 ./Middlewares/Third_Party/FreeRTOS/Source/tasks.o
 .text.xTimerCreateTimerTask
                0x08008e00       0x94 ./Middlewares/Third_Party/FreeRTOS/Source/timers.o
                0x08008e00                xTimerCreateTimerTask
 .text.xTimerCreate
                0x08008e94       0x42 ./Middlewares/Third_Party/FreeRTOS/Source/timers.o
                0x08008e94                xTimerCreate
 .text.xTimerCreateStatic
                0x08008ed6       0x80 ./Middlewares/Third_Party/FreeRTOS/Source/timers.o
                0x08008ed6                xTimerCreateStatic
 .text.prvInitialiseNewTimer
                0x08008f56       0x78 ./Middlewares/Third_Party/FreeRTOS/Source/timers.o
 *fill*         0x08008fce        0x2 
 .text.xTimerGenericCommand
                0x08008fd0       0x9c ./Middlewares/Third_Party/FreeRTOS/Source/timers.o
                0x08008fd0                xTimerGenericCommand
 .text.prvProcessExpiredTimer
                0x0800906c       0x9c ./Middlewares/Third_Party/FreeRTOS/Source/timers.o
 .text.prvTimerTask
                0x08009108       0x26 ./Middlewares/Third_Party/FreeRTOS/Source/timers.o
 *fill*         0x0800912e        0x2 
 .text.prvProcessTimerOrBlockTask
                0x08009130       0x9c ./Middlewares/Third_Party/FreeRTOS/Source/timers.o
 .text.prvGetNextExpireTime
                0x080091cc       0x48 ./Middlewares/Third_Party/FreeRTOS/Source/timers.o
 .text.prvSampleTimeNow
                0x08009214       0x40 ./Middlewares/Third_Party/FreeRTOS/Source/timers.o
 .text.prvInsertTimerInActiveList
                0x08009254       0x84 ./Middlewares/Third_Party/FreeRTOS/Source/timers.o
 .text.prvProcessReceivedCommands
                0x080092d8      0x1cc ./Middlewares/Third_Party/FreeRTOS/Source/timers.o
 .text.prvSwitchTimerLists
                0x080094a4       0xcc ./Middlewares/Third_Party/FreeRTOS/Source/timers.o
 .text.prvCheckForValidListAndQueue
                0x08009570       0x80 ./Middlewares/Third_Party/FreeRTOS/Source/timers.o
 .text.pvTimerGetTimerID
                0x080095f0       0x42 ./Middlewares/Third_Party/FreeRTOS/Source/timers.o
                0x080095f0                pvTimerGetTimerID
 *fill*         0x08009632        0x2 
 .text.pxPortInitialiseStack
                0x08009634       0x68 ./Middlewares/Third_Party/FreeRTOS/Source/portable/GCC/ARM_CM4F/port.o
                0x08009634                pxPortInitialiseStack
 .text.prvTaskExitError
                0x0800969c       0x5c ./Middlewares/Third_Party/FreeRTOS/Source/portable/GCC/ARM_CM4F/port.o
 *fill*         0x080096f8        0x8 
 .text.SVC_Handler
                0x08009700       0x28 ./Middlewares/Third_Party/FreeRTOS/Source/portable/GCC/ARM_CM4F/port.o
                0x08009700                SVC_Handler
 .text.prvPortStartFirstTask
                0x08009728       0x28 ./Middlewares/Third_Party/FreeRTOS/Source/portable/GCC/ARM_CM4F/port.o
 .text.xPortStartScheduler
                0x08009750      0x148 ./Middlewares/Third_Party/FreeRTOS/Source/portable/GCC/ARM_CM4F/port.o
                0x08009750                xPortStartScheduler
 .text.vPortEnterCritical
                0x08009898       0x64 ./Middlewares/Third_Party/FreeRTOS/Source/portable/GCC/ARM_CM4F/port.o
                0x08009898                vPortEnterCritical
 .text.vPortExitCritical
                0x080098fc       0x54 ./Middlewares/Third_Party/FreeRTOS/Source/portable/GCC/ARM_CM4F/port.o
                0x080098fc                vPortExitCritical
 .text.PendSV_Handler
                0x08009950       0x68 ./Middlewares/Third_Party/FreeRTOS/Source/portable/GCC/ARM_CM4F/port.o
                0x08009950                PendSV_Handler
 .text.xPortSysTickHandler
                0x080099b8       0x44 ./Middlewares/Third_Party/FreeRTOS/Source/portable/GCC/ARM_CM4F/port.o
                0x080099b8                xPortSysTickHandler
 .text.vPortSetupTimerInterrupt
                0x080099fc       0x48 ./Middlewares/Third_Party/FreeRTOS/Source/portable/GCC/ARM_CM4F/port.o
                0x080099fc                vPortSetupTimerInterrupt
 .text.vPortEnableVFP
                0x08009a44       0x14 ./Middlewares/Third_Party/FreeRTOS/Source/portable/GCC/ARM_CM4F/port.o
 .text.vPortValidateInterruptPriority
                0x08009a58       0x84 ./Middlewares/Third_Party/FreeRTOS/Source/portable/GCC/ARM_CM4F/port.o
                0x08009a58                vPortValidateInterruptPriority
 .text.pvPortMalloc
                0x08009adc      0x19c ./Middlewares/Third_Party/FreeRTOS/Source/portable/MemMang/heap_4.o
                0x08009adc                pvPortMalloc
 .text.vPortFree
                0x08009c78       0xc8 ./Middlewares/Third_Party/FreeRTOS/Source/portable/MemMang/heap_4.o
                0x08009c78                vPortFree
 .text.prvHeapInit
                0x08009d40       0xc4 ./Middlewares/Third_Party/FreeRTOS/Source/portable/MemMang/heap_4.o
 .text.prvInsertBlockIntoFreeList
                0x08009e04       0xb4 ./Middlewares/Third_Party/FreeRTOS/Source/portable/MemMang/heap_4.o
 .text.__malloc_lock
                0x08009eb8        0xc /Applications/STMicroelectronics/STM32CubeIDE.app/Contents/Eclipse/plugins/com.st.stm32cube.ide.mcu.externaltools.gnu-tools-for-stm32.14.3.rel1.macosaarch64_1.0.0.202602081740/tools/bin/../lib/gcc/arm-none-eabi/14.3.1/../../../../arm-none-eabi/lib/thumb/v7e-m+fp/hard/libc_nano.a(libc_a-mlock.o)
                0x08009eb8                __malloc_lock
 .text.__malloc_unlock
                0x08009ec4        0xc /Applications/STMicroelectronics/STM32CubeIDE.app/Contents/Eclipse/plugins/com.st.stm32cube.ide.mcu.externaltools.gnu-tools-for-stm32.14.3.rel1.macosaarch64_1.0.0.202602081740/tools/bin/../lib/gcc/arm-none-eabi/14.3.1/../../../../arm-none-eabi/lib/thumb/v7e-m+fp/hard/libc_nano.a(libc_a-mlock.o)
                0x08009ec4                __malloc_unlock
 .text.memset   0x08009ed0       0x10 /Applications/STMicroelectronics/STM32CubeIDE.app/Contents/Eclipse/plugins/com.st.stm32cube.ide.mcu.externaltools.gnu-tools-for-stm32.14.3.rel1.macosaarch64_1.0.0.202602081740/tools/bin/../lib/gcc/arm-none-eabi/14.3.1/../../../../arm-none-eabi/lib/thumb/v7e-m+fp/hard/libc_nano.a(libc_a-memset.o)
                0x08009ed0                memset
 .text.__libc_init_array
                0x08009ee0       0x48 /Applications/STMicroelectronics/STM32CubeIDE.app/Contents/Eclipse/plugins/com.st.stm32cube.ide.mcu.externaltools.gnu-tools-for-stm32.14.3.rel1.macosaarch64_1.0.0.202602081740/tools/bin/../lib/gcc/arm-none-eabi/14.3.1/../../../../arm-none-eabi/lib/thumb/v7e-m+fp/hard/libc_nano.a(libc_a-init.o)
                0x08009ee0                __libc_init_array
 .text._reclaim_reent
                0x08009f28       0xbc /Applications/STMicroelectronics/STM32CubeIDE.app/Contents/Eclipse/plugins/com.st.stm32cube.ide.mcu.externaltools.gnu-tools-for-stm32.14.3.rel1.macosaarch64_1.0.0.202602081740/tools/bin/../lib/gcc/arm-none-eabi/14.3.1/../../../../arm-none-eabi/lib/thumb/v7e-m+fp/hard/libc_nano.a(libc_a-reent.o)
                0x08009f28                _reclaim_reent
 .text.memcpy   0x08009fe4       0x1c /Applications/STMicroelectronics/STM32CubeIDE.app/Contents/Eclipse/plugins/com.st.stm32cube.ide.mcu.externaltools.gnu-tools-for-stm32.14.3.rel1.macosaarch64_1.0.0.202602081740/tools/bin/../lib/gcc/arm-none-eabi/14.3.1/../../../../arm-none-eabi/lib/thumb/v7e-m+fp/hard/libc_nano.a(libc_a-memcpy-stub.o)
                0x08009fe4                memcpy
 .text._free_r  0x0800a000       0x94 /Applications/STMicroelectronics/STM32CubeIDE.app/Contents/Eclipse/plugins/com.st.stm32cube.ide.mcu.externaltools.gnu-tools-for-stm32.14.3.rel1.macosaarch64_1.0.0.202602081740/tools/bin/../lib/gcc/arm-none-eabi/14.3.1/../../../../arm-none-eabi/lib/thumb/v7e-m+fp/hard/libc_nano.a(libc_a-freer.o)
                0x0800a000                _free_r
 *(.glue_7)
 .glue_7        0x0800a094        0x0 linker stubs
 *(.glue_7t)
 .glue_7t       0x0800a094        0x0 linker stubs
 *(.eh_frame)
 .eh_frame      0x0800a094        0x0 /Applications/STMicroelectronics/STM32CubeIDE.app/Contents/Eclipse/plugins/com.st.stm32cube.ide.mcu.externaltools.gnu-tools-for-stm32.14.3.rel1.macosaarch64_1.0.0.202602081740/tools/bin/../lib/gcc/arm-none-eabi/14.3.1/thumb/v7e-m+fp/hard/crtbegin.o
 *(.init)
 .init          0x0800a094        0x4 /Applications/STMicroelectronics/STM32CubeIDE.app/Contents/Eclipse/plugins/com.st.stm32cube.ide.mcu.externaltools.gnu-tools-for-stm32.14.3.rel1.macosaarch64_1.0.0.202602081740/tools/bin/../lib/gcc/arm-none-eabi/14.3.1/thumb/v7e-m+fp/hard/crti.o
                0x0800a094                _init
 .init          0x0800a098        0x8 /Applications/STMicroelectronics/STM32CubeIDE.app/Contents/Eclipse/plugins/com.st.stm32cube.ide.mcu.externaltools.gnu-tools-for-stm32.14.3.rel1.macosaarch64_1.0.0.202602081740/tools/bin/../lib/gcc/arm-none-eabi/14.3.1/thumb/v7e-m+fp/hard/crtn.o
 *(.fini)
 .fini          0x0800a0a0        0x4 /Applications/STMicroelectronics/STM32CubeIDE.app/Contents/Eclipse/plugins/com.st.stm32cube.ide.mcu.externaltools.gnu-tools-for-stm32.14.3.rel1.macosaarch64_1.0.0.202602081740/tools/bin/../lib/gcc/arm-none-eabi/14.3.1/thumb/v7e-m+fp/hard/crti.o
                0x0800a0a0                _fini
 .fini          0x0800a0a4        0x8 /Applications/STMicroelectronics/STM32CubeIDE.app/Contents/Eclipse/plugins/com.st.stm32cube.ide.mcu.externaltools.gnu-tools-for-stm32.14.3.rel1.macosaarch64_1.0.0.202602081740/tools/bin/../lib/gcc/arm-none-eabi/14.3.1/thumb/v7e-m+fp/hard/crtn.o
                0x0800a0ac                        . = ALIGN (0x4)
                0x0800a0ac                        _etext = .

.vfp11_veneer   0x0800a0ac        0x0
 .vfp11_veneer  0x0800a0ac        0x0 linker stubs

.v4_bx          0x0800a0ac        0x0
 .v4_bx         0x0800a0ac        0x0 linker stubs

.iplt           0x0800a0ac        0x0
 .iplt          0x0800a0ac        0x0 /Applications/STMicroelectronics/STM32CubeIDE.app/Contents/Eclipse/plugins/com.st.stm32cube.ide.mcu.externaltools.gnu-tools-for-stm32.14.3.rel1.macosaarch64_1.0.0.202602081740/tools/bin/../lib/gcc/arm-none-eabi/14.3.1/thumb/v7e-m+fp/hard/crtbegin.o

.rodata         0x0800a0ac      0x214
                0x0800a0ac                        . = ALIGN (0x4)
 *(.rodata)
 .rodata        0x0800a0ac        0xf ./Core/Src/main.o
 *fill*         0x0800a0bb        0x1 
 .rodata        0x0800a0bc       0x38 ./Drivers/STM32F4xx_HAL_Driver/Src/stm32f4xx_hal_can.o
 .rodata        0x0800a0f4       0x3b ./Drivers/STM32F4xx_HAL_Driver/Src/stm32f4xx_hal_cortex.o
 *fill*         0x0800a12f        0x1 
 .rodata        0x0800a130       0x38 ./Drivers/STM32F4xx_HAL_Driver/Src/stm32f4xx_hal_dma.o
 .rodata        0x0800a168       0x39 ./Drivers/STM32F4xx_HAL_Driver/Src/stm32f4xx_hal_gpio.o
 *fill*         0x0800a1a1        0x3 
 .rodata        0x0800a1a4       0x38 ./Drivers/STM32F4xx_HAL_Driver/Src/stm32f4xx_hal_rcc.o
 .rodata        0x0800a1dc       0x37 ./Drivers/STM32F4xx_HAL_Driver/Src/stm32f4xx_hal_sd.o
 *fill*         0x0800a213        0x1 
 .rodata        0x0800a214       0x38 ./Drivers/STM32F4xx_HAL_Driver/Src/stm32f4xx_hal_tim.o
 .rodata        0x0800a24c       0x39 ./Drivers/STM32F4xx_HAL_Driver/Src/stm32f4xx_ll_sdmmc.o
 *fill*         0x0800a285        0x3 
 .rodata        0x0800a288        0x5 ./Middlewares/Third_Party/FreeRTOS/Source/tasks.o
 *fill*         0x0800a28d        0x3 
 .rodata        0x0800a290        0xd ./Middlewares/Third_Party/FreeRTOS/Source/timers.o
 *(.rodata*)
 *fill*         0x0800a29d        0x3 
 .rodata.AHBPrescTable
                0x0800a2a0       0x10 ./Core/Src/system_stm32f4xx.o
                0x0800a2a0                AHBPrescTable
 .rodata.APBPrescTable
                0x0800a2b0        0x8 ./Core/Src/system_stm32f4xx.o
                0x0800a2b0                APBPrescTable
 .rodata.flagBitshiftOffset.0
                0x0800a2b8        0x8 ./Drivers/STM32F4xx_HAL_Driver/Src/stm32f4xx_hal_dma.o
                0x0800a2c0                        . = ALIGN (0x4)

.ARM.extab      0x0800a2c0        0x0
                0x0800a2c0                        . = ALIGN (0x4)
 *(.ARM.extab* .gnu.linkonce.armextab.*)
                0x0800a2c0                        . = ALIGN (0x4)

.ARM            0x0800a2c0        0x8
                0x0800a2c0                        . = ALIGN (0x4)
                0x0800a2c0                        __exidx_start = .
 *(.ARM.exidx*)
 .ARM.exidx     0x0800a2c0        0x8 /Applications/STMicroelectronics/STM32CubeIDE.app/Contents/Eclipse/plugins/com.st.stm32cube.ide.mcu.externaltools.gnu-tools-for-stm32.14.3.rel1.macosaarch64_1.0.0.202602081740/tools/bin/../lib/gcc/arm-none-eabi/14.3.1/thumb/v7e-m+fp/hard/libgcc.a(_udivmoddi4.o)
                0x0800a2c8                        __exidx_end = .
                0x0800a2c8                        . = ALIGN (0x4)

.preinit_array  0x0800a2c8        0x0
                0x0800a2c8                        . = ALIGN (0x4)
                0x0800a2c8                        PROVIDE (__preinit_array_start = .)
 *(.preinit_array*)
                0x0800a2c8                        PROVIDE (__preinit_array_end = .)
                0x0800a2c8                        . = ALIGN (0x4)

.init_array     0x0800a2c8        0x4
                0x0800a2c8                        . = ALIGN (0x4)
                0x0800a2c8                        PROVIDE (__init_array_start = .)
 *(SORT_BY_NAME(.init_array.*))
 *(.init_array*)
 .init_array    0x0800a2c8        0x4 /Applications/STMicroelectronics/STM32CubeIDE.app/Contents/Eclipse/plugins/com.st.stm32cube.ide.mcu.externaltools.gnu-tools-for-stm32.14.3.rel1.macosaarch64_1.0.0.202602081740/tools/bin/../lib/gcc/arm-none-eabi/14.3.1/thumb/v7e-m+fp/hard/crtbegin.o
                0x0800a2cc                        PROVIDE (__init_array_end = .)
                0x0800a2cc                        . = ALIGN (0x4)

.fini_array     0x0800a2cc        0x4
                0x0800a2cc                        . = ALIGN (0x4)
                [!provide]                        PROVIDE (__fini_array_start = .)
 *(SORT_BY_NAME(.fini_array.*))
 *(.fini_array*)
 .fini_array    0x0800a2cc        0x4 /Applications/STMicroelectronics/STM32CubeIDE.app/Contents/Eclipse/plugins/com.st.stm32cube.ide.mcu.externaltools.gnu-tools-for-stm32.14.3.rel1.macosaarch64_1.0.0.202602081740/tools/bin/../lib/gcc/arm-none-eabi/14.3.1/thumb/v7e-m+fp/hard/crtbegin.o
                [!provide]                        PROVIDE (__fini_array_end = .)
                0x0800a2d0                        . = ALIGN (0x4)
                0x0800a2d0                        _sidata = LOADADDR (.data)

.rel.dyn        0x0800a2d0        0x0
 .rel.iplt      0x0800a2d0        0x0 /Applications/STMicroelectronics/STM32CubeIDE.app/Contents/Eclipse/plugins/com.st.stm32cube.ide.mcu.externaltools.gnu-tools-for-stm32.14.3.rel1.macosaarch64_1.0.0.202602081740/tools/bin/../lib/gcc/arm-none-eabi/14.3.1/thumb/v7e-m+fp/hard/crtbegin.o

.data           0x20000000       0x78 load address 0x0800a2d0
                0x20000000                        . = ALIGN (0x4)
                0x20000000                        _sdata = .
 *(.data)
 *(.data*)
 .data.led_can1
                0x20000000        0x8 ./Core/Src/main.o
                0x20000000                led_can1
 .data.led_can2
                0x20000008        0x8 ./Core/Src/main.o
                0x20000008                led_can2
 .data.led_error
                0x20000010        0x8 ./Core/Src/main.o
                0x20000010                led_error
 .data.SystemCoreClock
                0x20000018        0x4 ./Core/Src/system_stm32f4xx.o
                0x20000018                SystemCoreClock
 .data.uwTickPrio
                0x2000001c        0x4 ./Drivers/STM32F4xx_HAL_Driver/Src/stm32f4xx_hal.o
                0x2000001c                uwTickPrio
 .data.uwTickFreq
                0x20000020        0x1 ./Drivers/STM32F4xx_HAL_Driver/Src/stm32f4xx_hal.o
                0x20000020                uwTickFreq
 *fill*         0x20000021        0x3 
 .data.uxCriticalNesting
                0x20000024        0x4 ./Middlewares/Third_Party/FreeRTOS/Source/portable/GCC/ARM_CM4F/port.o
 .data._impure_ptr
                0x20000028        0x4 /Applications/STMicroelectronics/STM32CubeIDE.app/Contents/Eclipse/plugins/com.st.stm32cube.ide.mcu.externaltools.gnu-tools-for-stm32.14.3.rel1.macosaarch64_1.0.0.202602081740/tools/bin/../lib/gcc/arm-none-eabi/14.3.1/../../../../arm-none-eabi/lib/thumb/v7e-m+fp/hard/libc_nano.a(libc_a-impure.o)
                0x20000028                _impure_ptr
 .data._impure_data
                0x2000002c       0x4c /Applications/STMicroelectronics/STM32CubeIDE.app/Contents/Eclipse/plugins/com.st.stm32cube.ide.mcu.externaltools.gnu-tools-for-stm32.14.3.rel1.macosaarch64_1.0.0.202602081740/tools/bin/../lib/gcc/arm-none-eabi/14.3.1/../../../../arm-none-eabi/lib/thumb/v7e-m+fp/hard/libc_nano.a(libc_a-impure.o)
                0x2000002c                _impure_data
 *(.RamFunc)
 *(.RamFunc*)
                0x20000078                        . = ALIGN (0x4)
                0x20000078                        _edata = .
                0x0800a348                        _siccmram = LOADADDR (.ccmram)

.igot.plt       0x20000078        0x0 load address 0x0800a348
 .igot.plt      0x20000078        0x0 /Applications/STMicroelectronics/STM32CubeIDE.app/Contents/Eclipse/plugins/com.st.stm32cube.ide.mcu.externaltools.gnu-tools-for-stm32.14.3.rel1.macosaarch64_1.0.0.202602081740/tools/bin/../lib/gcc/arm-none-eabi/14.3.1/thumb/v7e-m+fp/hard/crtbegin.o

.ccmram         0x10000000        0x0 load address 0x0800a348
                0x10000000                        . = ALIGN (0x4)
                0x10000000                        _sccmram = .
 *(.ccmram)
 *(.ccmram*)
                0x10000000                        . = ALIGN (0x4)
                0x10000000                        _eccmram = .
                0x10000000                        . = ALIGN (0x4)

.bss            0x20000078     0x4dd8
                0x20000078                        _sbss = .
                0x20000078                        __bss_start__ = _sbss
 *(.bss)
 .bss           0x20000078       0x1c /Applications/STMicroelectronics/STM32CubeIDE.app/Contents/Eclipse/plugins/com.st.stm32cube.ide.mcu.externaltools.gnu-tools-for-stm32.14.3.rel1.macosaarch64_1.0.0.202602081740/tools/bin/../lib/gcc/arm-none-eabi/14.3.1/thumb/v7e-m+fp/hard/crtbegin.o
 *(.bss*)
 .bss.hcan1     0x20000094       0x64 ./Core/Src/main.o
                0x20000094                hcan1
 .bss.hcan2     0x200000f8       0x64 ./Core/Src/main.o
                0x200000f8                hcan2
 .bss.hsd       0x2000015c       0x84 ./Core/Src/main.o
                0x2000015c                hsd
 .bss.hdma_sdio_rx
                0x200001e0       0x60 ./Core/Src/main.o
                0x200001e0                hdma_sdio_rx
 .bss.hdma_sdio_tx
                0x20000240       0x60 ./Core/Src/main.o
                0x20000240                hdma_sdio_tx
 .bss.ledContextCAN1
                0x200002a0        0xc ./Core/Src/main.o
                0x200002a0                ledContextCAN1
 .bss.ledContextCAN2
                0x200002ac        0xc ./Core/Src/main.o
                0x200002ac                ledContextCAN2
 .bss.xSemaphoreCAN1
                0x200002b8        0x4 ./Core/Src/main.o
                0x200002b8                xSemaphoreCAN1
 .bss.xSemaphoreCAN2
                0x200002bc        0x4 ./Core/Src/main.o
                0x200002bc                xSemaphoreCAN2
 .bss.xHeartbeatTimerCAN1
                0x200002c0        0x4 ./Core/Src/main.o
                0x200002c0                xHeartbeatTimerCAN1
 .bss.xHeartbeatTimerCAN2
                0x200002c4        0x4 ./Core/Src/main.o
                0x200002c4                xHeartbeatTimerCAN2
 .bss.xCAN1RxQueue
                0x200002c8        0x4 ./Core/Src/main.o
                0x200002c8                xCAN1RxQueue
 .bss.xCAN2RxQueue
                0x200002cc        0x4 ./Core/Src/main.o
                0x200002cc                xCAN2RxQueue
 .bss.HAL_RCC_CAN1_CLK_ENABLED
                0x200002d0        0x4 ./Core/Src/stm32f4xx_hal_msp.o
 .bss.htim6     0x200002d4       0x48 ./Core/Src/stm32f4xx_hal_timebase_tim.o
                0x200002d4                htim6
 .bss.__lock___malloc_recursive_mutex
                0x2000031c        0xc ./Core/ThreadSafe/newlib_lock_glue.o
                0x2000031c                __lock___malloc_recursive_mutex
 .bss.uwTick    0x20000328        0x4 ./Drivers/STM32F4xx_HAL_Driver/Src/stm32f4xx_hal.o
                0x20000328                uwTick
 .bss.KernelState
                0x2000032c        0x4 ./Middlewares/Third_Party/FreeRTOS/Source/CMSIS_RTOS_V2/cmsis_os2.o
 .bss.Idle_TCB.3
                0x20000330       0xa8 ./Middlewares/Third_Party/FreeRTOS/Source/CMSIS_RTOS_V2/cmsis_os2.o
 .bss.Idle_Stack.2
                0x200003d8      0x200 ./Middlewares/Third_Party/FreeRTOS/Source/CMSIS_RTOS_V2/cmsis_os2.o
 .bss.Timer_TCB.1
                0x200005d8       0xa8 ./Middlewares/Third_Party/FreeRTOS/Source/CMSIS_RTOS_V2/cmsis_os2.o
 .bss.Timer_Stack.0
                0x20000680      0x400 ./Middlewares/Third_Party/FreeRTOS/Source/CMSIS_RTOS_V2/cmsis_os2.o
 .bss.xQueueRegistry
                0x20000a80       0x40 ./Middlewares/Third_Party/FreeRTOS/Source/queue.o
                0x20000a80                xQueueRegistry
 .bss.pxCurrentTCB
                0x20000ac0        0x4 ./Middlewares/Third_Party/FreeRTOS/Source/tasks.o
                0x20000ac0                pxCurrentTCB
 .bss.pxReadyTasksLists
                0x20000ac4      0x460 ./Middlewares/Third_Party/FreeRTOS/Source/tasks.o
 .bss.xDelayedTaskList1
                0x20000f24       0x14 ./Middlewares/Third_Party/FreeRTOS/Source/tasks.o
 .bss.xDelayedTaskList2
                0x20000f38       0x14 ./Middlewares/Third_Party/FreeRTOS/Source/tasks.o
 .bss.pxDelayedTaskList
                0x20000f4c        0x4 ./Middlewares/Third_Party/FreeRTOS/Source/tasks.o
 .bss.pxOverflowDelayedTaskList
                0x20000f50        0x4 ./Middlewares/Third_Party/FreeRTOS/Source/tasks.o
 .bss.xPendingReadyList
                0x20000f54       0x14 ./Middlewares/Third_Party/FreeRTOS/Source/tasks.o
 .bss.xTasksWaitingTermination
                0x20000f68       0x14 ./Middlewares/Third_Party/FreeRTOS/Source/tasks.o
 .bss.uxDeletedTasksWaitingCleanUp
                0x20000f7c        0x4 ./Middlewares/Third_Party/FreeRTOS/Source/tasks.o
 .bss.xSuspendedTaskList
                0x20000f80       0x14 ./Middlewares/Third_Party/FreeRTOS/Source/tasks.o
 .bss.uxCurrentNumberOfTasks
                0x20000f94        0x4 ./Middlewares/Third_Party/FreeRTOS/Source/tasks.o
 .bss.xTickCount
                0x20000f98        0x4 ./Middlewares/Third_Party/FreeRTOS/Source/tasks.o
 .bss.uxTopReadyPriority
                0x20000f9c        0x4 ./Middlewares/Third_Party/FreeRTOS/Source/tasks.o
 .bss.xSchedulerRunning
                0x20000fa0        0x4 ./Middlewares/Third_Party/FreeRTOS/Source/tasks.o
 .bss.xPendedTicks
                0x20000fa4        0x4 ./Middlewares/Third_Party/FreeRTOS/Source/tasks.o
 .bss.xYieldPending
                0x20000fa8        0x4 ./Middlewares/Third_Party/FreeRTOS/Source/tasks.o
 .bss.xNumOfOverflows
                0x20000fac        0x4 ./Middlewares/Third_Party/FreeRTOS/Source/tasks.o
 .bss.uxTaskNumber
                0x20000fb0        0x4 ./Middlewares/Third_Party/FreeRTOS/Source/tasks.o
 .bss.xNextTaskUnblockTime
                0x20000fb4        0x4 ./Middlewares/Third_Party/FreeRTOS/Source/tasks.o
 .bss.xIdleTaskHandle
                0x20000fb8        0x4 ./Middlewares/Third_Party/FreeRTOS/Source/tasks.o
 .bss.uxSchedulerSuspended
                0x20000fbc        0x4 ./Middlewares/Third_Party/FreeRTOS/Source/tasks.o
 .bss.xActiveTimerList1
                0x20000fc0       0x14 ./Middlewares/Third_Party/FreeRTOS/Source/timers.o
 .bss.xActiveTimerList2
                0x20000fd4       0x14 ./Middlewares/Third_Party/FreeRTOS/Source/timers.o
 .bss.pxCurrentTimerList
                0x20000fe8        0x4 ./Middlewares/Third_Party/FreeRTOS/Source/timers.o
 .bss.pxOverflowTimerList
                0x20000fec        0x4 ./Middlewares/Third_Party/FreeRTOS/Source/timers.o
 .bss.xTimerQueue
                0x20000ff0        0x4 ./Middlewares/Third_Party/FreeRTOS/Source/timers.o
 .bss.xTimerTaskHandle
                0x20000ff4        0x4 ./Middlewares/Third_Party/FreeRTOS/Source/timers.o
 .bss.xLastTime.2
                0x20000ff8        0x4 ./Middlewares/Third_Party/FreeRTOS/Source/timers.o
 .bss.ucStaticTimerQueueStorage.1
                0x20000ffc       0xa0 ./Middlewares/Third_Party/FreeRTOS/Source/timers.o
 .bss.xStaticTimerQueue.0
                0x2000109c       0x50 ./Middlewares/Third_Party/FreeRTOS/Source/timers.o
 .bss.ucMaxSysCallPriority
                0x200010ec        0x1 ./Middlewares/Third_Party/FreeRTOS/Source/portable/GCC/ARM_CM4F/port.o
 *fill*         0x200010ed        0x3 
 .bss.ulMaxPRIGROUPValue
                0x200010f0        0x4 ./Middlewares/Third_Party/FreeRTOS/Source/portable/GCC/ARM_CM4F/port.o
 .bss.ucHeap    0x200010f4     0x3c00 ./Middlewares/Third_Party/FreeRTOS/Source/portable/MemMang/heap_4.o
 .bss.xStart    0x20004cf4        0x8 ./Middlewares/Third_Party/FreeRTOS/Source/portable/MemMang/heap_4.o
 .bss.pxEnd     0x20004cfc        0x4 ./Middlewares/Third_Party/FreeRTOS/Source/portable/MemMang/heap_4.o
 .bss.xFreeBytesRemaining
                0x20004d00        0x4 ./Middlewares/Third_Party/FreeRTOS/Source/portable/MemMang/heap_4.o
 .bss.xMinimumEverFreeBytesRemaining
                0x20004d04        0x4 ./Middlewares/Third_Party/FreeRTOS/Source/portable/MemMang/heap_4.o
 .bss.xNumberOfSuccessfulAllocations
                0x20004d08        0x4 ./Middlewares/Third_Party/FreeRTOS/Source/portable/MemMang/heap_4.o
 .bss.xNumberOfSuccessfulFrees
                0x20004d0c        0x4 ./Middlewares/Third_Party/FreeRTOS/Source/portable/MemMang/heap_4.o
 .bss.xBlockAllocatedBit
                0x20004d10        0x4 ./Middlewares/Third_Party/FreeRTOS/Source/portable/MemMang/heap_4.o
 .bss.__malloc_free_list
                0x20004d14        0x4 /Applications/STMicroelectronics/STM32CubeIDE.app/Contents/Eclipse/plugins/com.st.stm32cube.ide.mcu.externaltools.gnu-tools-for-stm32.14.3.rel1.macosaarch64_1.0.0.202602081740/tools/bin/../lib/gcc/arm-none-eabi/14.3.1/../../../../arm-none-eabi/lib/thumb/v7e-m+fp/hard/libc_nano.a(libc_a-mallocr.o)
                0x20004d14                __malloc_free_list
 .bss.__sf      0x20004d18      0x138 /Applications/STMicroelectronics/STM32CubeIDE.app/Contents/Eclipse/plugins/com.st.stm32cube.ide.mcu.externaltools.gnu-tools-for-stm32.14.3.rel1.macosaarch64_1.0.0.202602081740/tools/bin/../lib/gcc/arm-none-eabi/14.3.1/../../../../arm-none-eabi/lib/thumb/v7e-m+fp/hard/libc_nano.a(libc_a-findfp.o)
                0x20004d18                __sf
 *(COMMON)
                0x20004e50                        . = ALIGN (0x4)
                0x20004e50                        _ebss = .
                0x20004e50                        __bss_end__ = _ebss

._user_heap_stack
                0x20004e50      0x600
                0x20004e50                        . = ALIGN (0x8)
                [!provide]                        PROVIDE (end = .)
                0x20004e50                        PROVIDE (_end = .)
                0x20005050                        . = (. + _Min_Heap_Size)
 *fill*         0x20004e50      0x200 
                0x20005450                        . = (. + _Min_Stack_Size)
 *fill*         0x20005050      0x400 
                0x20005450                        . = ALIGN (0x8)

/DISCARD/
 libc.a(*)
 libm.a(*)
 libgcc.a(*)

.ARM.attributes
                0x00000000       0x30
 *(.ARM.attributes)
 .ARM.attributes
                0x00000000       0x22 /Applications/STMicroelectronics/STM32CubeIDE.app/Contents/Eclipse/plugins/com.st.stm32cube.ide.mcu.externaltools.gnu-tools-for-stm32.14.3.rel1.macosaarch64_1.0.0.202602081740/tools/bin/../lib/gcc/arm-none-eabi/14.3.1/thumb/v7e-m+fp/hard/crti.o
 .ARM.attributes
                0x00000022       0x34 /Applications/STMicroelectronics/STM32CubeIDE.app/Contents/Eclipse/plugins/com.st.stm32cube.ide.mcu.externaltools.gnu-tools-for-stm32.14.3.rel1.macosaarch64_1.0.0.202602081740/tools/bin/../lib/gcc/arm-none-eabi/14.3.1/thumb/v7e-m+fp/hard/crtbegin.o
 .ARM.attributes
                0x00000056       0x34 ./Core/Src/canlog.o
 .ARM.attributes
                0x0000008a       0x34 ./Core/Src/main.o
 .ARM.attributes
                0x000000be       0x34 ./Core/Src/stm32f4xx_hal_msp.o
 .ARM.attributes
                0x000000f2       0x34 ./Core/Src/stm32f4xx_hal_timebase_tim.o
 .ARM.attributes
                0x00000126       0x34 ./Core/Src/stm32f4xx_it.o
 .ARM.attributes
                0x0000015a       0x34 ./Core/Src/system_stm32f4xx.o
 .ARM.attributes
                0x0000018e       0x21 ./Core/Startup/startup_stm32f405rgtx.o
 .ARM.attributes
                0x000001af       0x34 ./Core/ThreadSafe/newlib_lock_glue.o
 .ARM.attributes
                0x000001e3       0x34 ./Drivers/STM32F4xx_HAL_Driver/Src/stm32f4xx_hal.o
 .ARM.attributes
                0x00000217       0x34 ./Drivers/STM32F4xx_HAL_Driver/Src/stm32f4xx_hal_can.o
 .ARM.attributes
                0x0000024b       0x34 ./Drivers/STM32F4xx_HAL_Driver/Src/stm32f4xx_hal_cortex.o
 .ARM.attributes
                0x0000027f       0x34 ./Drivers/STM32F4xx_HAL_Driver/Src/stm32f4xx_hal_dma.o
 .ARM.attributes
                0x000002b3       0x34 ./Drivers/STM32F4xx_HAL_Driver/Src/stm32f4xx_hal_gpio.o
 .ARM.attributes
                0x000002e7       0x34 ./Drivers/STM32F4xx_HAL_Driver/Src/stm32f4xx_hal_rcc.o
 .ARM.attributes
                0x0000031b       0x34 ./Drivers/STM32F4xx_HAL_Driver/Src/stm32f4xx_hal_sd.o
 .ARM.attributes
                0x0000034f       0x34 ./Drivers/STM32F4xx_HAL_Driver/Src/stm32f4xx_hal_tim.o
 .ARM.attributes
                0x00000383       0x34 ./Drivers/STM32F4xx_HAL_Driver/Src/stm32f4xx_hal_tim_ex.o
 .ARM.attributes
                0x000003b7       0x34 ./Drivers/STM32F4xx_HAL_Driver/Src/stm32f4xx_ll_sdmmc.o
 .ARM.attributes
                0x000003eb       0x34 ./Middlewares/Third_Party/FreeRTOS/Source/CMSIS_RTOS_V2/cmsis_os2.o
 .ARM.attributes
                0x0000041f       0x34 ./Middlewares/Third_Party/FreeRTOS/Source/list.o
 .ARM.attributes
                0x00000453       0x34 ./Middlewares/Third_Party/FreeRTOS/Source/queue.o
 .ARM.attributes
                0x00000487       0x34 ./Middlewares/Third_Party/FreeRTOS/Source/tasks.o
 .ARM.attributes
                0x000004bb       0x34 ./Middlewares/Third_Party/FreeRTOS/Source/timers.o
 .ARM.attributes
                0x000004ef       0x34 ./Middlewares/Third_Party/FreeRTOS/Source/portable/GCC/ARM_CM4F/port.o
 .ARM.attributes
                0x00000523       0x34 ./Middlewares/Third_Party/FreeRTOS/Source/portable/MemMang/heap_4.o
 .ARM.attributes
                0x00000557       0x34 /Applications/STMicroelectronics/STM32CubeIDE.app/Contents/Eclipse/plugins/com.st.stm32cube.ide.mcu.externaltools.gnu-tools-for-stm32.14.3.rel1.macosaarch64_1.0.0.202602081740/tools/bin/../lib/gcc/arm-none-eabi/14.3.1/../../../../arm-none-eabi/lib/thumb/v7e-m+fp/hard/libc_nano.a(libc_a-mallocr.o)
 .ARM.attributes
                0x0000058b       0x34 /Applications/STMicroelectronics/STM32CubeIDE.app/Contents/Eclipse/plugins/com.st.stm32cube.ide.mcu.externaltools.gnu-tools-for-stm32.14.3.rel1.macosaarch64_1.0.0.202602081740/tools/bin/../lib/gcc/arm-none-eabi/14.3.1/../../../../arm-none-eabi/lib/thumb/v7e-m+fp/hard/libc_nano.a(libc_a-mlock.o)
 .ARM.attributes
                0x000005bf       0x34 /Applications/STMicroelectronics/STM32CubeIDE.app/Contents/Eclipse/plugins/com.st.stm32cube.ide.mcu.externaltools.gnu-tools-for-stm32.14.3.rel1.macosaarch64_1.0.0.202602081740/tools/bin/../lib/gcc/arm-none-eabi/14.3.1/../../../../arm-none-eabi/lib/thumb/v7e-m+fp/hard/libc_nano.a(libc_a-findfp.o)
 .ARM.attributes
                0x000005f3       0x34 /Applications/STMicroelectronics/STM32CubeIDE.app/Contents/Eclipse/plugins/com.st.stm32cube.ide.mcu.externaltools.gnu-tools-for-stm32.14.3.rel1.macosaarch64_1.0.0.202602081740/tools/bin/../lib/gcc/arm-none-eabi/14.3.1/../../../../arm-none-eabi/lib/thumb/v7e-m+fp/hard/libc_nano.a(libc_a-memset.o)
 .ARM.attributes
                0x00000627       0x34 /Applications/STMicroelectronics/STM32CubeIDE.app/Contents/Eclipse/plugins/com.st.stm32cube.ide.mcu.externaltools.gnu-tools-for-stm32.14.3.rel1.macosaarch64_1.0.0.202602081740/tools/bin/../lib/gcc/arm-none-eabi/14.3.1/../../../../arm-none-eabi/lib/thumb/v7e-m+fp/hard/libc_nano.a(libc_a-init.o)
 .ARM.attributes
                0x0000065b       0x34 /Applications/STMicroelectronics/STM32CubeIDE.app/Contents/Eclipse/plugins/com.st.stm32cube.ide.mcu.externaltools.gnu-tools-for-stm32.14.3.rel1.macosaarch64_1.0.0.202602081740/tools/bin/../lib/gcc/arm-none-eabi/14.3.1/../../../../arm-none-eabi/lib/thumb/v7e-m+fp/hard/libc_nano.a(libc_a-reent.o)
 .ARM.attributes
                0x0000068f       0x34 /Applications/STMicroelectronics/STM32CubeIDE.app/Contents/Eclipse/plugins/com.st.stm32cube.ide.mcu.externaltools.gnu-tools-for-stm32.14.3.rel1.macosaarch64_1.0.0.202602081740/tools/bin/../lib/gcc/arm-none-eabi/14.3.1/../../../../arm-none-eabi/lib/thumb/v7e-m+fp/hard/libc_nano.a(libc_a-impure.o)
 .ARM.attributes
                0x000006c3       0x34 /Applications/STMicroelectronics/STM32CubeIDE.app/Contents/Eclipse/plugins/com.st.stm32cube.ide.mcu.externaltools.gnu-tools-for-stm32.14.3.rel1.macosaarch64_1.0.0.202602081740/tools/bin/../lib/gcc/arm-none-eabi/14.3.1/../../../../arm-none-eabi/lib/thumb/v7e-m+fp/hard/libc_nano.a(libc_a-memcpy-stub.o)
 .ARM.attributes
                0x000006f7       0x34 /Applications/STMicroelectronics/STM32CubeIDE.app/Contents/Eclipse/plugins/com.st.stm32cube.ide.mcu.externaltools.gnu-tools-for-stm32.14.3.rel1.macosaarch64_1.0.0.202602081740/tools/bin/../lib/gcc/arm-none-eabi/14.3.1/../../../../arm-none-eabi/lib/thumb/v7e-m+fp/hard/libc_nano.a(libc_a-freer.o)
 .ARM.attributes
                0x0000072b       0x22 /Applications/STMicroelectronics/STM32CubeIDE.app/Contents/Eclipse/plugins/com.st.stm32cube.ide.mcu.externaltools.gnu-tools-for-stm32.14.3.rel1.macosaarch64_1.0.0.202602081740/tools/bin/../lib/gcc/arm-none-eabi/14.3.1/thumb/v7e-m+fp/hard/libgcc.a(_aeabi_uldivmod.o)
 .ARM.attributes
                0x0000074d       0x34 /Applications/STMicroelectronics/STM32CubeIDE.app/Contents/Eclipse/plugins/com.st.stm32cube.ide.mcu.externaltools.gnu-tools-for-stm32.14.3.rel1.macosaarch64_1.0.0.202602081740/tools/bin/../lib/gcc/arm-none-eabi/14.3.1/thumb/v7e-m+fp/hard/libgcc.a(_udivmoddi4.o)
 .ARM.attributes
                0x00000781       0x22 /Applications/STMicroelectronics/STM32CubeIDE.app/Contents/Eclipse/plugins/com.st.stm32cube.ide.mcu.externaltools.gnu-tools-for-stm32.14.3.rel1.macosaarch64_1.0.0.202602081740/tools/bin/../lib/gcc/arm-none-eabi/14.3.1/thumb/v7e-m+fp/hard/libgcc.a(_dvmd_tls.o)
 .ARM.attributes
                0x000007a3       0x22 /Applications/STMicroelectronics/STM32CubeIDE.app/Contents/Eclipse/plugins/com.st.stm32cube.ide.mcu.externaltools.gnu-tools-for-stm32.14.3.rel1.macosaarch64_1.0.0.202602081740/tools/bin/../lib/gcc/arm-none-eabi/14.3.1/thumb/v7e-m+fp/hard/crtn.o
OUTPUT(can_logger.elf elf32-littlearm)
LOAD linker stubs
LOAD /Applications/STMicroelectronics/STM32CubeIDE.app/Contents/Eclipse/plugins/com.st.stm32cube.ide.mcu.externaltools.gnu-tools-for-stm32.14.3.rel1.macosaarch64_1.0.0.202602081740/tools/bin/../lib/gcc/arm-none-eabi/14.3.1/../../../../arm-none-eabi/lib/thumb/v7e-m+fp/hard/libc.a
LOAD /Applications/STMicroelectronics/STM32CubeIDE.app/Contents/Eclipse/plugins/com.st.stm32cube.ide.mcu.externaltools.gnu-tools-for-stm32.14.3.rel1.macosaarch64_1.0.0.202602081740/tools/bin/../lib/gcc/arm-none-eabi/14.3.1/../../../../arm-none-eabi/lib/thumb/v7e-m+fp/hard/libm.a
LOAD /Applications/STMicroelectronics/STM32CubeIDE.app/Contents/Eclipse/plugins/com.st.stm32cube.ide.mcu.externaltools.gnu-tools-for-stm32.14.3.rel1.macosaarch64_1.0.0.202602081740/tools/bin/../lib/gcc/arm-none-eabi/14.3.1/thumb/v7e-m+fp/hard/libgcc.a

.debug_info     0x00000000    0x1baa1
 .debug_info    0x00000000      0xb57 ./Core/Src/canlog.o
 .debug_info    0x00000b57     0x1f5a ./Core/Src/main.o
 .debug_info    0x00002ab1     0x1298 ./Core/Src/stm32f4xx_hal_msp.o
 .debug_info    0x00003d49      0xbdc ./Core/Src/stm32f4xx_hal_timebase_tim.o
 .debug_info    0x00004925      0xab8 ./Core/Src/stm32f4xx_it.o
 .debug_info    0x000053dd      0x512 ./Core/Src/system_stm32f4xx.o
 .debug_info    0x000058ef       0x30 ./Core/Startup/startup_stm32f405rgtx.o
 .debug_info    0x0000591f      0x704 ./Core/ThreadSafe/newlib_lock_glue.o
 .debug_info    0x00006023      0x96c ./Drivers/STM32F4xx_HAL_Driver/Src/stm32f4xx_hal.o
 .debug_info    0x0000698f     0x1165 ./Drivers/STM32F4xx_HAL_Driver/Src/stm32f4xx_hal_can.o
 .debug_info    0x00007af4      0xdaf ./Drivers/STM32F4xx_HAL_Driver/Src/stm32f4xx_hal_cortex.o
 .debug_info    0x000088a3      0x904 ./Drivers/STM32F4xx_HAL_Driver/Src/stm32f4xx_hal_dma.o
 .debug_info    0x000091a7      0x6dc ./Drivers/STM32F4xx_HAL_Driver/Src/stm32f4xx_hal_gpio.o
 .debug_info    0x00009883      0x8e0 ./Drivers/STM32F4xx_HAL_Driver/Src/stm32f4xx_hal_rcc.o
 .debug_info    0x0000a163     0x1c13 ./Drivers/STM32F4xx_HAL_Driver/Src/stm32f4xx_hal_sd.o
 .debug_info    0x0000bd76     0x2a0f ./Drivers/STM32F4xx_HAL_Driver/Src/stm32f4xx_hal_tim.o
 .debug_info    0x0000e785     0x153b ./Drivers/STM32F4xx_HAL_Driver/Src/stm32f4xx_hal_tim_ex.o
 .debug_info    0x0000fcc0     0x10fe ./Drivers/STM32F4xx_HAL_Driver/Src/stm32f4xx_ll_sdmmc.o
 .debug_info    0x00010dbe     0x40f7 ./Middlewares/Third_Party/FreeRTOS/Source/CMSIS_RTOS_V2/cmsis_os2.o
 .debug_info    0x00014eb5      0x2af ./Middlewares/Third_Party/FreeRTOS/Source/list.o
 .debug_info    0x00015164     0x1b79 ./Middlewares/Third_Party/FreeRTOS/Source/queue.o
 .debug_info    0x00016cdd     0x28c1 ./Middlewares/Third_Party/FreeRTOS/Source/tasks.o
 .debug_info    0x0001959e     0x1b50 ./Middlewares/Third_Party/FreeRTOS/Source/timers.o
 .debug_info    0x0001b0ee      0x4de ./Middlewares/Third_Party/FreeRTOS/Source/portable/GCC/ARM_CM4F/port.o
 .debug_info    0x0001b5cc      0x4d5 ./Middlewares/Third_Party/FreeRTOS/Source/portable/MemMang/heap_4.o

.debug_abbrev   0x00000000     0x3dfb
 .debug_abbrev  0x00000000      0x22e ./Core/Src/canlog.o
 .debug_abbrev  0x0000022e      0x35d ./Core/Src/main.o
 .debug_abbrev  0x0000058b      0x27a ./Core/Src/stm32f4xx_hal_msp.o
 .debug_abbrev  0x00000805      0x1f4 ./Core/Src/stm32f4xx_hal_timebase_tim.o
 .debug_abbrev  0x000009f9      0x1ad ./Core/Src/stm32f4xx_it.o
 .debug_abbrev  0x00000ba6      0x11a ./Core/Src/system_stm32f4xx.o
 .debug_abbrev  0x00000cc0       0x24 ./Core/Startup/startup_stm32f405rgtx.o
 .debug_abbrev  0x00000ce4      0x2af ./Core/ThreadSafe/newlib_lock_glue.o
 .debug_abbrev  0x00000f93      0x21b ./Drivers/STM32F4xx_HAL_Driver/Src/stm32f4xx_hal.o
 .debug_abbrev  0x000011ae      0x27b ./Drivers/STM32F4xx_HAL_Driver/Src/stm32f4xx_hal_can.o
 .debug_abbrev  0x00001429      0x339 ./Drivers/STM32F4xx_HAL_Driver/Src/stm32f4xx_hal_cortex.o
 .debug_abbrev  0x00001762      0x279 ./Drivers/STM32F4xx_HAL_Driver/Src/stm32f4xx_hal_dma.o
 .debug_abbrev  0x000019db      0x1f1 ./Drivers/STM32F4xx_HAL_Driver/Src/stm32f4xx_hal_gpio.o
 .debug_abbrev  0x00001bcc      0x2cc ./Drivers/STM32F4xx_HAL_Driver/Src/stm32f4xx_hal_rcc.o
 .debug_abbrev  0x00001e98      0x2ac ./Drivers/STM32F4xx_HAL_Driver/Src/stm32f4xx_hal_sd.o
 .debug_abbrev  0x00002144      0x275 ./Drivers/STM32F4xx_HAL_Driver/Src/stm32f4xx_hal_tim.o
 .debug_abbrev  0x000023b9      0x27f ./Drivers/STM32F4xx_HAL_Driver/Src/stm32f4xx_hal_tim_ex.o
 .debug_abbrev  0x00002638      0x1f1 ./Drivers/STM32F4xx_HAL_Driver/Src/stm32f4xx_ll_sdmmc.o
 .debug_abbrev  0x00002829      0x548 ./Middlewares/Third_Party/FreeRTOS/Source/CMSIS_RTOS_V2/cmsis_os2.o
 .debug_abbrev  0x00002d71       0xf5 ./Middlewares/Third_Party/FreeRTOS/Source/list.o
 .debug_abbrev  0x00002e66      0x3b6 ./Middlewares/Third_Party/FreeRTOS/Source/queue.o
 .debug_abbrev  0x0000321c      0x3fe ./Middlewares/Third_Party/FreeRTOS/Source/tasks.o
 .debug_abbrev  0x0000361a      0x368 ./Middlewares/Third_Party/FreeRTOS/Source/timers.o
 .debug_abbrev  0x00003982      0x25c ./Middlewares/Third_Party/FreeRTOS/Source/portable/GCC/ARM_CM4F/port.o
 .debug_abbrev  0x00003bde      0x21d ./Middlewares/Third_Party/FreeRTOS/Source/portable/MemMang/heap_4.o

.debug_aranges  0x00000000     0x1780
 .debug_aranges
                0x00000000       0x38 ./Core/Src/canlog.o
 .debug_aranges
                0x00000038       0x68 ./Core/Src/main.o
 .debug_aranges
                0x000000a0       0x40 ./Core/Src/stm32f4xx_hal_msp.o
 .debug_aranges
                0x000000e0       0x30 ./Core/Src/stm32f4xx_hal_timebase_tim.o
 .debug_aranges
                0x00000110       0x68 ./Core/Src/stm32f4xx_it.o
 .debug_aranges
                0x00000178       0x28 ./Core/Src/system_stm32f4xx.o
 .debug_aranges
                0x000001a0       0x28 ./Core/Startup/startup_stm32f405rgtx.o
 .debug_aranges
                0x000001c8       0xa0 ./Core/ThreadSafe/newlib_lock_glue.o
 .debug_aranges
                0x00000268       0xf0 ./Drivers/STM32F4xx_HAL_Driver/Src/stm32f4xx_hal.o
 .debug_aranges
                0x00000358      0x148 ./Drivers/STM32F4xx_HAL_Driver/Src/stm32f4xx_hal_can.o
 .debug_aranges
                0x000004a0      0x130 ./Drivers/STM32F4xx_HAL_Driver/Src/stm32f4xx_hal_cortex.o
 .debug_aranges
                0x000005d0       0x90 ./Drivers/STM32F4xx_HAL_Driver/Src/stm32f4xx_hal_dma.o
 .debug_aranges
                0x00000660       0x58 ./Drivers/STM32F4xx_HAL_Driver/Src/stm32f4xx_hal_gpio.o
 .debug_aranges
                0x000006b8       0x88 ./Drivers/STM32F4xx_HAL_Driver/Src/stm32f4xx_hal_rcc.o
 .debug_aranges
                0x00000740      0x168 ./Drivers/STM32F4xx_HAL_Driver/Src/stm32f4xx_hal_sd.o
 .debug_aranges
                0x000008a8      0x3d0 ./Drivers/STM32F4xx_HAL_Driver/Src/stm32f4xx_hal_tim.o
 .debug_aranges
                0x00000c78      0x168 ./Drivers/STM32F4xx_HAL_Driver/Src/stm32f4xx_hal_tim_ex.o
 .debug_aranges
                0x00000de0      0x188 ./Drivers/STM32F4xx_HAL_Driver/Src/stm32f4xx_ll_sdmmc.o
 .debug_aranges
                0x00000f68      0x2b0 ./Middlewares/Third_Party/FreeRTOS/Source/CMSIS_RTOS_V2/cmsis_os2.o
 .debug_aranges
                0x00001218       0x40 ./Middlewares/Third_Party/FreeRTOS/Source/list.o
 .debug_aranges
                0x00001258      0x158 ./Middlewares/Third_Party/FreeRTOS/Source/queue.o
 .debug_aranges
                0x000013b0      0x208 ./Middlewares/Third_Party/FreeRTOS/Source/tasks.o
 .debug_aranges
                0x000015b8       0xf0 ./Middlewares/Third_Party/FreeRTOS/Source/timers.o
 .debug_aranges
                0x000016a8       0x80 ./Middlewares/Third_Party/FreeRTOS/Source/portable/GCC/ARM_CM4F/port.o
 .debug_aranges
                0x00001728       0x58 ./Middlewares/Third_Party/FreeRTOS/Source/portable/MemMang/heap_4.o

.debug_rnglists
                0x00000000     0x1226
 .debug_rnglists
                0x00000000       0x27 ./Core/Src/canlog.o
 .debug_rnglists
                0x00000027       0x4d ./Core/Src/main.o
 .debug_rnglists
                0x00000074       0x2e ./Core/Src/stm32f4xx_hal_msp.o
 .debug_rnglists
                0x000000a2       0x20 ./Core/Src/stm32f4xx_hal_timebase_tim.o
 .debug_rnglists
                0x000000c2       0x49 ./Core/Src/stm32f4xx_it.o
 .debug_rnglists
                0x0000010b       0x1a ./Core/Src/system_stm32f4xx.o
 .debug_rnglists
                0x00000125       0x19 ./Core/Startup/startup_stm32f405rgtx.o
 .debug_rnglists
                0x0000013e       0x74 ./Core/ThreadSafe/newlib_lock_glue.o
 .debug_rnglists
                0x000001b2       0xaf ./Drivers/STM32F4xx_HAL_Driver/Src/stm32f4xx_hal.o
 .debug_rnglists
                0x00000261       0xfe ./Drivers/STM32F4xx_HAL_Driver/Src/stm32f4xx_hal_can.o
 .debug_rnglists
                0x0000035f       0xe0 ./Drivers/STM32F4xx_HAL_Driver/Src/stm32f4xx_hal_cortex.o
 .debug_rnglists
                0x0000043f       0x71 ./Drivers/STM32F4xx_HAL_Driver/Src/stm32f4xx_hal_dma.o
 .debug_rnglists
                0x000004b0       0x3f ./Drivers/STM32F4xx_HAL_Driver/Src/stm32f4xx_hal_gpio.o
 .debug_rnglists
                0x000004ef       0x66 ./Drivers/STM32F4xx_HAL_Driver/Src/stm32f4xx_hal_rcc.o
 .debug_rnglists
                0x00000555      0x122 ./Drivers/STM32F4xx_HAL_Driver/Src/stm32f4xx_hal_sd.o
 .debug_rnglists
                0x00000677      0x321 ./Drivers/STM32F4xx_HAL_Driver/Src/stm32f4xx_hal_tim.o
 .debug_rnglists
                0x00000998      0x129 ./Drivers/STM32F4xx_HAL_Driver/Src/stm32f4xx_hal_tim_ex.o
 .debug_rnglists
                0x00000ac1      0x128 ./Drivers/STM32F4xx_HAL_Driver/Src/stm32f4xx_ll_sdmmc.o
 .debug_rnglists
                0x00000be9      0x212 ./Middlewares/Third_Party/FreeRTOS/Source/CMSIS_RTOS_V2/cmsis_os2.o
 .debug_rnglists
                0x00000dfb       0x2b ./Middlewares/Third_Party/FreeRTOS/Source/list.o
 .debug_rnglists
                0x00000e26      0x109 ./Middlewares/Third_Party/FreeRTOS/Source/queue.o
 .debug_rnglists
                0x00000f2f      0x1a0 ./Middlewares/Third_Party/FreeRTOS/Source/tasks.o
 .debug_rnglists
                0x000010cf       0xb8 ./Middlewares/Third_Party/FreeRTOS/Source/timers.o
 .debug_rnglists
                0x00001187       0x5d ./Middlewares/Third_Party/FreeRTOS/Source/portable/GCC/ARM_CM4F/port.o
 .debug_rnglists
                0x000011e4       0x42 ./Middlewares/Third_Party/FreeRTOS/Source/portable/MemMang/heap_4.o

.debug_macro    0x00000000    0x22ab1
 .debug_macro   0x00000000      0x36f ./Core/Src/canlog.o
 .debug_macro   0x0000036f      0xade ./Core/Src/canlog.o
 .debug_macro   0x00000e4d      0x2a8 ./Core/Src/canlog.o
 .debug_macro   0x000010f5       0x2e ./Core/Src/canlog.o
 .debug_macro   0x00001123       0x2f ./Core/Src/canlog.o
 .debug_macro   0x00001152       0x22 ./Core/Src/canlog.o
 .debug_macro   0x00001174       0x8e ./Core/Src/canlog.o
 .debug_macro   0x00001202       0x51 ./Core/Src/canlog.o
 .debug_macro   0x00001253      0x103 ./Core/Src/canlog.o
 .debug_macro   0x00001356       0x6a ./Core/Src/canlog.o
 .debug_macro   0x000013c0      0x1df ./Core/Src/canlog.o