../Core/Src/main.c:88:5:main	88	static
../Core/Src/main.c:215:6:SystemClock_Config	88	static
../Core/Src/main.c:262:13:MX_CAN1_Init	8	static
../Core/Src/main.c:299:13:MX_CAN2_Init	8	static
../Core/Src/main.c:336:13:MX_SDIO_SD_Init	8	static
../Core/Src/main.c:370:13:MX_DMA_Init	16	static
../Core/Src/main.c:391:13:MX_GPIO_Init	48	static
../Core/Src/main.c:470:6:HAL_TIM_PeriodElapsedCallback	16	static
../Core/Src/main.c:488:6:Error_Handler	16	static,ignoring_inline_asm
../Core/Src/main.c:522:6:assert_failed	16	static
